2026-09-09 18:06:52.176 | INFO     | __main__:generate:59 - [L1 total/daily] → level_01_daily_total.parquet
2026-09-09 18:06:52.177 | INFO     | __main__:generate:62 -   1 series × 1,941 daily
2026-09-09 18:06:52.177 | INFO     | __main__:generate:65 -   1,941 filas (aprox.)
2026-09-09 18:07:05.826 | SUCCESS  | __main__:generate:68 -   listo  49.1 KiB
2026-09-09 18:07:05.974 | INFO     | __main__:generate:59 - [L1 total/weekly] → level_01_weekly_total.parquet
2026-09-09 18:07:05.975 | INFO     | __main__:generate:62 -   1 series × 278 weekly
2026-09-09 18:07:05.975 | INFO     | __main__:generate:65 -   278 filas (aprox.)
2026-09-09 18:07:18.554 | SUCCESS  | __main__:generate:68 -   listo  12.8 KiB
2026-09-09 18:07:19.137 | INFO     | __main__:generate:59 - [L2 state/daily] → level_02_daily_state.parquet
2026-09-09 18:07:19.137 | INFO     | __main__:generate:62 -   3 series × 1,941 daily
2026-09-09 18:07:19.137 | INFO     | __main__:generate:65 -   5,823 filas (aprox.)
2026-09-09 18:07:35.133 | SUCCESS  | __main__:generate:68 -   listo  124.9 KiB
2026-09-09 18:07:35.274 | INFO     | __main__:generate:59 - [L2 state/weekly] → level_02_weekly_state.parquet
2026-09-09 18:07:35.275 | INFO     | __main__:generate:62 -   3 series × 278 weekly
2026-09-09 18:07:35.275 | INFO     | __main__:generate:65 -   834 filas (aprox.)
2026-09-09 18:07:46.239 | SUCCESS  | __main__:generate:68 -   listo  24.3 KiB
2026-09-09 18:07:46.557 | INFO     | __main__:generate:59 - [L3 cat/daily] → level_03_daily_cat.parquet
2026-09-09 18:07:46.557 | INFO     | __main__:generate:62 -   3 series × 1,941 daily
2026-09-09 18:07:46.558 | INFO     | __main__:generate:65 -   5,823 filas (aprox.)
2026-09-09 18:07:56.798 | SUCCESS  | __main__:generate:68 -   listo  125.9 KiB
2026-09-09 18:07:56.888 | INFO     | __main__:generate:59 - [L3 cat/weekly] → level_03_weekly_cat.parquet
2026-09-09 18:07:56.888 | INFO     | __main__:generate:62 -   3 series × 278 weekly
2026-09-09 18:07:56.888 | INFO     | __main__:generate:65 -   834 filas (aprox.)
2026-09-09 18:08:04.971 | SUCCESS  | __main__:generate:68 -   listo  24.7 KiB
2026-09-09 18:08:06.314 | INFO     | __main__:generate:59 - [L4 dept/daily] → level_04_daily_dept.parquet
2026-09-09 18:08:06.314 | INFO     | __main__:generate:62 -   7 series × 1,941 daily
2026-09-09 18:08:06.315 | INFO     | __main__:generate:65 -   13,587 filas (aprox.)
2026-09-09 18:08:17.849 | SUCCESS  | __main__:generate:68 -   listo  297.3 KiB
2026-09-09 18:08:17.953 | INFO     | __main__:generate:59 - [L4 dept/weekly] → level_04_weekly_dept.parquet
2026-09-09 18:08:17.953 | INFO     | __main__:generate:62 -   7 series × 278 weekly
2026-09-09 18:08:17.954 | INFO     | __main__:generate:65 -   1,946 filas (aprox.)
2026-09-09 18:08:26.705 | SUCCESS  | __main__:generate:68 -   listo  49.0 KiB
2026-09-09 18:08:27.724 | INFO     | __main__:generate:59 - [L5 state_cat/daily] → level_05_daily_state_cat.parquet
2026-09-09 18:08:27.724 | INFO     | __main__:generate:62 -   9 series × 1,941 daily
2026-09-09 18:08:27.724 | INFO     | __main__:generate:65 -   17,469 filas (aprox.)
2026-09-09 18:08:38.905 | SUCCESS  | __main__:generate:68 -   listo  371.6 KiB
2026-09-09 18:08:39.006 | INFO     | __main__:generate:59 - [L5 state_cat/weekly] → level_05_weekly_state_cat.parquet
2026-09-09 18:08:39.006 | INFO     | __main__:generate:62 -   9 series × 278 weekly
2026-09-09 18:08:39.007 | INFO     | __main__:generate:65 -   2,502 filas (aprox.)
2026-09-09 18:08:55.813 | SUCCESS  | __main__:generate:68 -   listo  60.1 KiB
2026-09-09 18:08:57.279 | INFO     | __main__:generate:59 - [L6 store/daily] → level_06_daily_store.parquet
2026-09-09 18:08:57.279 | INFO     | __main__:generate:62 -   10 series × 1,941 daily
2026-09-09 18:08:57.280 | INFO     | __main__:generate:65 -   19,410 filas (aprox.)
2026-09-09 18:09:14.474 | SUCCESS  | __main__:generate:68 -   listo  402.3 KiB
2026-09-09 18:09:14.629 | INFO     | __main__:generate:59 - [L6 store/weekly] → level_06_weekly_store.parquet
2026-09-09 18:09:14.630 | INFO     | __main__:generate:62 -   10 series × 278 weekly
2026-09-09 18:09:14.630 | INFO     | __main__:generate:65 -   2,780 filas (aprox.)
2026-09-09 18:09:30.216 | SUCCESS  | __main__:generate:68 -   listo  64.5 KiB
2026-09-09 18:09:32.981 | INFO     | __main__:generate:59 - [L7 state_dept/daily] → level_07_daily_state_dept.parquet
2026-09-09 18:09:32.981 | INFO     | __main__:generate:62 -   21 series × 1,941 daily
2026-09-09 18:09:32.983 | INFO     | __main__:generate:65 -   40,761 filas (aprox.)
2026-09-09 18:09:54.196 | SUCCESS  | __main__:generate:68 -   listo  818.4 KiB
2026-09-09 18:09:54.346 | INFO     | __main__:generate:59 - [L7 state_dept/weekly] → level_07_weekly_state_dept.parquet
2026-09-09 18:09:54.347 | INFO     | __main__:generate:62 -   21 series × 278 weekly
2026-09-09 18:09:54.347 | INFO     | __main__:generate:65 -   5,838 filas (aprox.)
2026-09-09 18:10:12.141 | SUCCESS  | __main__:generate:68 -   listo  125.9 KiB
2026-09-09 18:10:13.539 | INFO     | __main__:generate:59 - [L8 store_cat/daily] → level_08_daily_store_cat.parquet
2026-09-09 18:10:13.539 | INFO     | __main__:generate:62 -   30 series × 1,941 daily
2026-09-09 18:10:13.540 | INFO     | __main__:generate:65 -   58,230 filas (aprox.)
2026-09-09 18:10:26.313 | SUCCESS  | __main__:generate:68 -   listo  1.1 MiB
2026-09-09 18:10:26.405 | INFO     | __main__:generate:59 - [L8 store_cat/weekly] → level_08_weekly_store_cat.parquet
2026-09-09 18:10:26.405 | INFO     | __main__:generate:62 -   30 series × 278 weekly
2026-09-09 18:10:26.406 | INFO     | __main__:generate:65 -   8,340 filas (aprox.)
2026-09-09 18:10:35.961 | SUCCESS  | __main__:generate:68 -   listo  173.3 KiB
2026-09-09 18:10:37.652 | INFO     | __main__:generate:59 - [L9 store_dept/daily] → level_09_daily_store_dept.parquet
2026-09-09 18:10:37.652 | INFO     | __main__:generate:62 -   70 series × 1,941 daily
2026-09-09 18:10:37.653 | INFO     | __main__:generate:65 -   135,870 filas (aprox.)
2026-09-09 18:10:51.456 | SUCCESS  | __main__:generate:68 -   listo  2.5 MiB
2026-09-09 18:10:51.545 | INFO     | __main__:generate:59 - [L9 store_dept/weekly] → level_09_weekly_store_dept.parquet
2026-09-09 18:10:51.546 | INFO     | __main__:generate:62 -   70 series × 278 weekly
2026-09-09 18:10:51.546 | INFO     | __main__:generate:65 -   19,460 filas (aprox.)
2026-09-09 18:11:02.959 | SUCCESS  | __main__:generate:68 -   listo  386.5 KiB
2026-09-09 18:11:03.633 | INFO     | __main__:generate:59 - [L10 item/daily] → level_10_daily_item.parquet
2026-09-09 18:11:03.633 | INFO     | __main__:generate:61 -   filtro: {'dept_id': ('FOODS_3',)}
2026-09-09 18:11:03.633 | INFO     | __main__:generate:62 -   823 series × 1,941 daily
2026-09-09 18:11:03.634 | INFO     | __main__:generate:65 -   1,597,443 filas (aprox.)
2026-09-09 18:11:17.863 | SUCCESS  | __main__:generate:68 -   listo  7.4 MiB
2026-09-09 18:11:17.999 | INFO     | __main__:generate:59 - [L10 item/weekly] → level_10_weekly_item.parquet
2026-09-09 18:11:18.000 | INFO     | __main__:generate:61 -   filtro: {'dept_id': ('FOODS_3',)}
2026-09-09 18:11:18.000 | INFO     | __main__:generate:62 -   823 series × 278 weekly
2026-09-09 18:11:18.001 | INFO     | __main__:generate:65 -   228,794 filas (aprox.)
2026-09-09 18:11:25.879 | SUCCESS  | __main__:generate:68 -   listo  1.7 MiB
2026-09-09 18:11:26.690 | INFO     | __main__:generate:59 - [L11 item_state/daily] → level_11_daily_item_state.parquet
2026-09-09 18:11:26.690 | INFO     | __main__:generate:61 -   filtro: {'dept_id': ('FOODS_3',), 'state_id': ('CA',)}
2026-09-09 18:11:26.691 | INFO     | __main__:generate:62 -   823 series × 1,941 daily
2026-09-09 18:11:26.691 | INFO     | __main__:generate:65 -   1,597,443 filas (aprox.)
2026-09-09 18:11:39.227 | SUCCESS  | __main__:generate:68 -   listo  3.6 MiB
2026-09-09 18:11:39.366 | INFO     | __main__:generate:59 - [L11 item_state/weekly] → level_11_weekly_item_state.parquet
2026-09-09 18:11:39.367 | INFO     | __main__:generate:61 -   filtro: {'dept_id': ('FOODS_3',), 'state_id': ('CA',)}
2026-09-09 18:11:39.367 | INFO     | __main__:generate:62 -   823 series × 278 weekly
2026-09-09 18:11:39.368 | INFO     | __main__:generate:65 -   228,794 filas (aprox.)
2026-09-09 18:11:44.947 | SUCCESS  | __main__:generate:68 -   listo  908.6 KiB
2026-09-09 18:11:45.342 | INFO     | __main__:generate:59 - [L12 item_store/daily] → level_12_daily_item_store.parquet
2026-09-09 18:11:45.345 | INFO     | __main__:generate:61 -   filtro: {'dept_id': ('FOODS_3',), 'store_id': ('CA_3',)}
2026-09-09 18:11:45.347 | INFO     | __main__:generate:62 -   823 series × 1,941 daily
2026-09-09 18:11:45.347 | INFO     | __main__:generate:65 -   1,597,443 filas (aprox.)
2026-09-09 18:11:53.589 | SUCCESS  | __main__:generate:68 -   listo  2.9 MiB
2026-09-09 18:11:53.720 | INFO     | __main__:generate:59 - [L12 item_store/weekly] → level_12_weekly_item_store.parquet
2026-09-09 18:11:53.720 | INFO     | __main__:generate:61 -   filtro: {'dept_id': ('FOODS_3',), 'store_id': ('CA_3',)}
2026-09-09 18:11:53.720 | INFO     | __main__:generate:62 -   823 series × 278 weekly
2026-09-09 18:11:53.721 | INFO     | __main__:generate:65 -   228,794 filas (aprox.)
2026-09-09 18:11:56.546 | SUCCESS  | __main__:generate:68 -   listo  731.2 KiB
