2026-09-03 23:03:48.615 | INFO     | __main__:generate:61 - [L1 total/daily] → level_01_daily_total.parquet
2026-09-03 23:03:48.616 | INFO     | __main__:generate:64 -   1 series × 1,941 daily
2026-09-03 23:03:48.616 | INFO     | __main__:generate:67 -   1,941 filas (aprox.)
2026-09-03 23:04:00.315 | SUCCESS  | __main__:generate:70 -   listo  102.7 KiB
2026-09-03 23:04:02.619 | INFO     | __main__:generate:61 - [L4 dept/daily] → level_04_daily_dept.parquet
2026-09-03 23:04:02.620 | INFO     | __main__:generate:64 -   7 series × 1,941 daily
2026-09-03 23:04:02.622 | INFO     | __main__:generate:67 -   13,587 filas (aprox.)
2026-09-03 23:04:20.093 | SUCCESS  | __main__:generate:70 -   listo  658.6 KiB
2026-09-03 23:04:21.720 | INFO     | __main__:generate:61 - [L6 store/daily] → level_06_daily_store.parquet
2026-09-03 23:04:21.721 | INFO     | __main__:generate:64 -   10 series × 1,941 daily
2026-09-03 23:04:21.721 | INFO     | __main__:generate:67 -   19,410 filas (aprox.)
2026-09-03 23:04:39.282 | SUCCESS  | __main__:generate:70 -   listo  887.4 KiB
2026-09-03 23:04:42.381 | INFO     | __main__:generate:61 - [L9 store_dept/daily] → level_09_daily_store_dept.parquet
2026-09-03 23:04:42.382 | INFO     | __main__:generate:64 -   70 series × 1,941 daily
2026-09-03 23:04:42.384 | INFO     | __main__:generate:67 -   135,870 filas (aprox.)
2026-09-03 23:04:57.154 | SUCCESS  | __main__:generate:70 -   listo  5.2 MiB
2026-09-03 23:04:57.853 | INFO     | __main__:generate:61 - [L10 item/daily] → level_10_daily_item.parquet
2026-09-03 23:04:57.853 | INFO     | __main__:generate:63 -   filtro: {'dept_id': ('FOODS_3',)}
2026-09-03 23:04:57.854 | INFO     | __main__:generate:64 -   823 series × 1,941 daily
2026-09-03 23:04:57.854 | INFO     | __main__:generate:67 -   1,597,443 filas (aprox.)
2026-09-03 23:05:20.342 | SUCCESS  | __main__:generate:70 -   listo  26.7 MiB
2026-09-03 23:05:20.573 | INFO     | __main__:generate:61 - [L12 item_store/daily] → level_12_daily_item_store.parquet
2026-09-03 23:05:20.573 | INFO     | __main__:generate:63 -   filtro: {'dept_id': ('FOODS_3',), 'store_id': ('CA_3',)}
2026-09-03 23:05:20.574 | INFO     | __main__:generate:64 -   823 series × 1,941 daily
2026-09-03 23:05:20.574 | INFO     | __main__:generate:67 -   1,597,443 filas (aprox.)
2026-09-03 23:05:34.958 | SUCCESS  | __main__:generate:70 -   listo  14.9 MiB
