2026-09-07 22:03:02.091 | INFO     | __main__:generate:61 - [L1 total/daily] → level_01_daily_total.parquet
2026-09-07 22:03:02.092 | INFO     | __main__:generate:64 -   1 series × 1,941 daily
2026-09-07 22:03:02.093 | INFO     | __main__:generate:67 -   1,941 filas (aprox.)
2026-09-07 22:03:13.699 | SUCCESS  | __main__:generate:70 -   listo  102.7 KiB
2026-09-07 22:03:13.820 | INFO     | __main__:generate:61 - [L1 total/weekly] → level_01_weekly_total.parquet
2026-09-07 22:03:13.820 | INFO     | __main__:generate:64 -   1 series × 278 weekly
2026-09-07 22:03:13.820 | INFO     | __main__:generate:67 -   278 filas (aprox.)
2026-09-07 22:03:20.939 | SUCCESS  | __main__:generate:70 -   listo  25.4 KiB
2026-09-07 22:03:21.249 | INFO     | __main__:generate:61 - [L2 state/daily] → level_02_daily_state.parquet
2026-09-07 22:03:21.249 | INFO     | __main__:generate:64 -   3 series × 1,941 daily
2026-09-07 22:03:21.250 | INFO     | __main__:generate:67 -   5,823 filas (aprox.)
2026-09-07 22:03:30.474 | SUCCESS  | __main__:generate:70 -   listo  279.8 KiB
2026-09-07 22:03:30.579 | INFO     | __main__:generate:61 - [L2 state/weekly] → level_02_weekly_state.parquet
2026-09-07 22:03:30.579 | INFO     | __main__:generate:64 -   3 series × 278 weekly
2026-09-07 22:03:30.580 | INFO     | __main__:generate:67 -   834 filas (aprox.)
2026-09-07 22:03:39.065 | SUCCESS  | __main__:generate:70 -   listo  57.9 KiB
2026-09-07 22:03:39.386 | INFO     | __main__:generate:61 - [L3 cat/daily] → level_03_daily_cat.parquet
2026-09-07 22:03:39.386 | INFO     | __main__:generate:64 -   3 series × 1,941 daily
2026-09-07 22:03:39.387 | INFO     | __main__:generate:67 -   5,823 filas (aprox.)
2026-09-07 22:03:50.762 | SUCCESS  | __main__:generate:70 -   listo  287.1 KiB
2026-09-07 22:03:50.870 | INFO     | __main__:generate:61 - [L3 cat/weekly] → level_03_weekly_cat.parquet
2026-09-07 22:03:50.870 | INFO     | __main__:generate:64 -   3 series × 278 weekly
2026-09-07 22:03:50.871 | INFO     | __main__:generate:67 -   834 filas (aprox.)
2026-09-07 22:03:59.685 | SUCCESS  | __main__:generate:70 -   listo  59.4 KiB
2026-09-07 22:04:01.094 | INFO     | __main__:generate:61 - [L4 dept/daily] → level_04_daily_dept.parquet
2026-09-07 22:04:01.094 | INFO     | __main__:generate:64 -   7 series × 1,941 daily
2026-09-07 22:04:01.095 | INFO     | __main__:generate:67 -   13,587 filas (aprox.)
2026-09-07 22:04:10.882 | SUCCESS  | __main__:generate:70 -   listo  658.6 KiB
2026-09-07 22:04:10.988 | INFO     | __main__:generate:61 - [L4 dept/weekly] → level_04_weekly_dept.parquet
2026-09-07 22:04:10.988 | INFO     | __main__:generate:64 -   7 series × 278 weekly
2026-09-07 22:04:10.988 | INFO     | __main__:generate:67 -   1,946 filas (aprox.)
2026-09-07 22:04:24.019 | SUCCESS  | __main__:generate:70 -   listo  126.1 KiB
2026-09-07 22:04:25.820 | INFO     | __main__:generate:61 - [L5 state_cat/daily] → level_05_daily_state_cat.parquet
2026-09-07 22:04:25.820 | INFO     | __main__:generate:64 -   9 series × 1,941 daily
2026-09-07 22:04:25.821 | INFO     | __main__:generate:67 -   17,469 filas (aprox.)
2026-09-07 22:04:43.843 | SUCCESS  | __main__:generate:70 -   listo  830.1 KiB
2026-09-07 22:04:44.010 | INFO     | __main__:generate:61 - [L5 state_cat/weekly] → level_05_weekly_state_cat.parquet
2026-09-07 22:04:44.011 | INFO     | __main__:generate:64 -   9 series × 278 weekly
2026-09-07 22:04:44.012 | INFO     | __main__:generate:67 -   2,502 filas (aprox.)
2026-09-07 22:05:01.115 | SUCCESS  | __main__:generate:70 -   listo  157.2 KiB
2026-09-07 22:05:02.583 | INFO     | __main__:generate:61 - [L6 store/daily] → level_06_daily_store.parquet
2026-09-07 22:05:02.584 | INFO     | __main__:generate:64 -   10 series × 1,941 daily
2026-09-07 22:05:02.584 | INFO     | __main__:generate:67 -   19,410 filas (aprox.)
2026-09-07 22:05:19.909 | SUCCESS  | __main__:generate:70 -   listo  887.4 KiB
2026-09-07 22:05:20.065 | INFO     | __main__:generate:61 - [L6 store/weekly] → level_06_weekly_store.parquet
2026-09-07 22:05:20.065 | INFO     | __main__:generate:64 -   10 series × 278 weekly
2026-09-07 22:05:20.066 | INFO     | __main__:generate:67 -   2,780 filas (aprox.)
2026-09-07 22:05:36.074 | SUCCESS  | __main__:generate:70 -   listo  168.1 KiB
2026-09-07 22:05:38.694 | INFO     | __main__:generate:61 - [L7 state_dept/daily] → level_07_daily_state_dept.parquet
2026-09-07 22:05:38.695 | INFO     | __main__:generate:64 -   21 series × 1,941 daily
2026-09-07 22:05:38.695 | INFO     | __main__:generate:67 -   40,761 filas (aprox.)
2026-09-07 22:05:53.487 | SUCCESS  | __main__:generate:70 -   listo  1.7 MiB
2026-09-07 22:05:53.593 | INFO     | __main__:generate:61 - [L7 state_dept/weekly] → level_07_weekly_state_dept.parquet
2026-09-07 22:05:53.593 | INFO     | __main__:generate:64 -   21 series × 278 weekly
2026-09-07 22:05:53.593 | INFO     | __main__:generate:67 -   5,838 filas (aprox.)
2026-09-07 22:06:04.525 | SUCCESS  | __main__:generate:70 -   listo  343.9 KiB
2026-09-07 22:06:06.024 | INFO     | __main__:generate:61 - [L8 store_cat/daily] → level_08_daily_store_cat.parquet
2026-09-07 22:06:06.025 | INFO     | __main__:generate:64 -   30 series × 1,941 daily
2026-09-07 22:06:06.025 | INFO     | __main__:generate:67 -   58,230 filas (aprox.)
2026-09-07 22:06:19.004 | SUCCESS  | __main__:generate:70 -   listo  2.4 MiB
2026-09-07 22:06:19.106 | INFO     | __main__:generate:61 - [L8 store_cat/weekly] → level_08_weekly_store_cat.parquet
2026-09-07 22:06:19.107 | INFO     | __main__:generate:64 -   30 series × 278 weekly
2026-09-07 22:06:19.107 | INFO     | __main__:generate:67 -   8,340 filas (aprox.)
2026-09-07 22:06:28.821 | SUCCESS  | __main__:generate:70 -   listo  477.3 KiB
2026-09-07 22:06:30.569 | INFO     | __main__:generate:61 - [L9 store_dept/daily] → level_09_daily_store_dept.parquet
2026-09-07 22:06:30.569 | INFO     | __main__:generate:64 -   70 series × 1,941 daily
2026-09-07 22:06:30.569 | INFO     | __main__:generate:67 -   135,870 filas (aprox.)
2026-09-07 22:06:44.405 | SUCCESS  | __main__:generate:70 -   listo  5.2 MiB
2026-09-07 22:06:44.506 | INFO     | __main__:generate:61 - [L9 store_dept/weekly] → level_09_weekly_store_dept.parquet
2026-09-07 22:06:44.507 | INFO     | __main__:generate:64 -   70 series × 278 weekly
2026-09-07 22:06:44.507 | INFO     | __main__:generate:67 -   19,460 filas (aprox.)
2026-09-07 22:07:01.951 | SUCCESS  | __main__:generate:70 -   listo  1.0 MiB
2026-09-07 22:07:03.146 | INFO     | __main__:generate:61 - [L10 item/daily] → level_10_daily_item.parquet
2026-09-07 22:07:03.147 | INFO     | __main__:generate:63 -   filtro: {'dept_id': ('FOODS_3',)}
2026-09-07 22:07:03.148 | INFO     | __main__:generate:64 -   823 series × 1,941 daily
2026-09-07 22:07:03.148 | INFO     | __main__:generate:67 -   1,597,443 filas (aprox.)
2026-09-07 22:07:38.483 | SUCCESS  | __main__:generate:70 -   listo  26.7 MiB
2026-09-07 22:07:38.641 | INFO     | __main__:generate:61 - [L10 item/weekly] → level_10_weekly_item.parquet
2026-09-07 22:07:38.642 | INFO     | __main__:generate:63 -   filtro: {'dept_id': ('FOODS_3',)}
2026-09-07 22:07:38.642 | INFO     | __main__:generate:64 -   823 series × 278 weekly
2026-09-07 22:07:38.642 | INFO     | __main__:generate:67 -   228,794 filas (aprox.)
2026-09-07 22:07:48.092 | SUCCESS  | __main__:generate:70 -   listo  7.2 MiB
2026-09-07 22:07:48.886 | INFO     | __main__:generate:61 - [L11 item_state/daily] → level_11_daily_item_state.parquet
2026-09-07 22:07:48.889 | INFO     | __main__:generate:63 -   filtro: {'dept_id': ('FOODS_3',), 'state_id': ('CA',)}
2026-09-07 22:07:48.890 | INFO     | __main__:generate:64 -   823 series × 1,941 daily
2026-09-07 22:07:48.890 | INFO     | __main__:generate:67 -   1,597,443 filas (aprox.)
2026-09-07 22:08:12.038 | SUCCESS  | __main__:generate:70 -   listo  19.3 MiB
2026-09-07 22:08:12.169 | INFO     | __main__:generate:61 - [L11 item_state/weekly] → level_11_weekly_item_state.parquet
2026-09-07 22:08:12.169 | INFO     | __main__:generate:63 -   filtro: {'dept_id': ('FOODS_3',), 'state_id': ('CA',)}
2026-09-07 22:08:12.170 | INFO     | __main__:generate:64 -   823 series × 278 weekly
2026-09-07 22:08:12.170 | INFO     | __main__:generate:67 -   228,794 filas (aprox.)
2026-09-07 22:08:16.187 | SUCCESS  | __main__:generate:70 -   listo  5.5 MiB
2026-09-07 22:08:16.425 | INFO     | __main__:generate:61 - [L12 item_store/daily] → level_12_daily_item_store.parquet
2026-09-07 22:08:16.425 | INFO     | __main__:generate:63 -   filtro: {'dept_id': ('FOODS_3',), 'store_id': ('CA_3',)}
2026-09-07 22:08:16.426 | INFO     | __main__:generate:64 -   823 series × 1,941 daily
2026-09-07 22:08:16.426 | INFO     | __main__:generate:67 -   1,597,443 filas (aprox.)
2026-09-07 22:08:26.741 | SUCCESS  | __main__:generate:70 -   listo  14.9 MiB
2026-09-07 22:08:26.840 | INFO     | __main__:generate:61 - [L12 item_store/weekly] → level_12_weekly_item_store.parquet
2026-09-07 22:08:26.841 | INFO     | __main__:generate:63 -   filtro: {'dept_id': ('FOODS_3',), 'store_id': ('CA_3',)}
2026-09-07 22:08:26.841 | INFO     | __main__:generate:64 -   823 series × 278 weekly
2026-09-07 22:08:26.841 | INFO     | __main__:generate:67 -   228,794 filas (aprox.)
2026-09-07 22:08:29.509 | SUCCESS  | __main__:generate:70 -   listo  4.5 MiB
