2026-09-03 21:49:44.171 | INFO     | __main__:generate:61 - [L1 total/daily] → level_01_daily_total.parquet
2026-09-03 21:49:44.171 | INFO     | __main__:generate:64 -   1 series × 1,941 daily
2026-09-03 21:49:44.172 | INFO     | __main__:generate:67 -   1,941 filas (aprox.)
2026-09-03 21:49:51.024 | SUCCESS  | __main__:generate:70 -   listo  90.4 KiB
2026-09-03 21:49:52.295 | INFO     | __main__:generate:61 - [L4 dept/daily] → level_04_daily_dept.parquet
2026-09-03 21:49:52.295 | INFO     | __main__:generate:64 -   7 series × 1,941 daily
2026-09-03 21:49:52.296 | INFO     | __main__:generate:67 -   13,587 filas (aprox.)
2026-09-03 21:50:04.988 | SUCCESS  | __main__:generate:70 -   listo  575.0 KiB
2026-09-03 21:50:06.433 | INFO     | __main__:generate:61 - [L6 store/daily] → level_06_daily_store.parquet
2026-09-03 21:50:06.434 | INFO     | __main__:generate:64 -   10 series × 1,941 daily
2026-09-03 21:50:06.435 | INFO     | __main__:generate:67 -   19,410 filas (aprox.)
2026-09-03 21:50:23.311 | SUCCESS  | __main__:generate:70 -   listo  774.3 KiB
2026-09-03 21:50:26.307 | INFO     | __main__:generate:61 - [L9 store_dept/daily] → level_09_daily_store_dept.parquet
2026-09-03 21:50:26.307 | INFO     | __main__:generate:64 -   70 series × 1,941 daily
2026-09-03 21:50:26.307 | INFO     | __main__:generate:67 -   135,870 filas (aprox.)
2026-09-03 21:50:51.378 | SUCCESS  | __main__:generate:70 -   listo  4.6 MiB
2026-09-03 21:50:52.520 | INFO     | __main__:generate:61 - [L10 item/daily] → level_10_daily_item.parquet
2026-09-03 21:50:52.521 | INFO     | __main__:generate:63 -   filtro: {'dept_id': ('FOODS_3',)}
2026-09-03 21:50:52.521 | INFO     | __main__:generate:64 -   823 series × 1,941 daily
2026-09-03 21:50:52.522 | INFO     | __main__:generate:67 -   1,597,443 filas (aprox.)
2026-09-03 21:51:20.237 | SUCCESS  | __main__:generate:70 -   listo  22.0 MiB
2026-09-03 21:51:20.529 | INFO     | __main__:generate:61 - [L12 item_store/daily] → level_12_daily_item_store.parquet
2026-09-03 21:51:20.530 | INFO     | __main__:generate:63 -   filtro: {'dept_id': ('FOODS_3',), 'store_id': ('CA_3',)}
2026-09-03 21:51:20.530 | INFO     | __main__:generate:64 -   823 series × 1,941 daily
2026-09-03 21:51:20.531 | INFO     | __main__:generate:67 -   1,597,443 filas (aprox.)
2026-09-03 21:51:30.173 | SUCCESS  | __main__:generate:70 -   listo  12.2 MiB
