2026-09-08 22:21:51.581 | INFO     | __main__:generate:61 - [L1 total/daily] → level_01_daily_total.parquet
2026-09-08 22:21:51.582 | INFO     | __main__:generate:64 -   1 series × 1,941 daily
2026-09-08 22:21:51.582 | INFO     | __main__:generate:67 -   1,941 filas (aprox.)
2026-09-08 22:22:03.683 | SUCCESS  | __main__:generate:70 -   listo  102.7 KiB
2026-09-08 22:22:03.861 | INFO     | __main__:generate:61 - [L1 total/weekly] → level_01_weekly_total.parquet
2026-09-08 22:22:03.862 | INFO     | __main__:generate:64 -   1 series × 278 weekly
2026-09-08 22:22:03.862 | INFO     | __main__:generate:67 -   278 filas (aprox.)
2026-09-08 22:22:15.456 | SUCCESS  | __main__:generate:70 -   listo  25.4 KiB
2026-09-08 22:22:15.764 | INFO     | __main__:generate:61 - [L2 state/daily] → level_02_daily_state.parquet
2026-09-08 22:22:15.765 | INFO     | __main__:generate:64 -   3 series × 1,941 daily
2026-09-08 22:22:15.765 | INFO     | __main__:generate:67 -   5,823 filas (aprox.)
2026-09-08 22:22:27.755 | SUCCESS  | __main__:generate:70 -   listo  279.8 KiB
2026-09-08 22:22:27.854 | INFO     | __main__:generate:61 - [L2 state/weekly] → level_02_weekly_state.parquet
2026-09-08 22:22:27.854 | INFO     | __main__:generate:64 -   3 series × 278 weekly
2026-09-08 22:22:27.855 | INFO     | __main__:generate:67 -   834 filas (aprox.)
2026-09-08 22:22:36.410 | SUCCESS  | __main__:generate:70 -   listo  57.9 KiB
2026-09-08 22:22:36.712 | INFO     | __main__:generate:61 - [L3 cat/daily] → level_03_daily_cat.parquet
2026-09-08 22:22:36.712 | INFO     | __main__:generate:64 -   3 series × 1,941 daily
2026-09-08 22:22:36.712 | INFO     | __main__:generate:67 -   5,823 filas (aprox.)
2026-09-08 22:22:46.536 | SUCCESS  | __main__:generate:70 -   listo  287.1 KiB
2026-09-08 22:22:46.636 | INFO     | __main__:generate:61 - [L3 cat/weekly] → level_03_weekly_cat.parquet
2026-09-08 22:22:46.636 | INFO     | __main__:generate:64 -   3 series × 278 weekly
2026-09-08 22:22:46.636 | INFO     | __main__:generate:67 -   834 filas (aprox.)
2026-09-08 22:22:54.469 | SUCCESS  | __main__:generate:70 -   listo  59.4 KiB
2026-09-08 22:22:55.770 | INFO     | __main__:generate:61 - [L4 dept/daily] → level_04_daily_dept.parquet
2026-09-08 22:22:55.770 | INFO     | __main__:generate:64 -   7 series × 1,941 daily
2026-09-08 22:22:55.771 | INFO     | __main__:generate:67 -   13,587 filas (aprox.)
2026-09-08 22:23:05.628 | SUCCESS  | __main__:generate:70 -   listo  658.6 KiB
2026-09-08 22:23:05.727 | INFO     | __main__:generate:61 - [L4 dept/weekly] → level_04_weekly_dept.parquet
2026-09-08 22:23:05.728 | INFO     | __main__:generate:64 -   7 series × 278 weekly
2026-09-08 22:23:05.728 | INFO     | __main__:generate:67 -   1,946 filas (aprox.)
2026-09-08 22:23:14.767 | SUCCESS  | __main__:generate:70 -   listo  126.1 KiB
2026-09-08 22:23:16.077 | INFO     | __main__:generate:61 - [L5 state_cat/daily] → level_05_daily_state_cat.parquet
2026-09-08 22:23:16.077 | INFO     | __main__:generate:64 -   9 series × 1,941 daily
2026-09-08 22:23:16.078 | INFO     | __main__:generate:67 -   17,469 filas (aprox.)
2026-09-08 22:23:36.429 | SUCCESS  | __main__:generate:70 -   listo  830.1 KiB
2026-09-08 22:23:36.585 | INFO     | __main__:generate:61 - [L5 state_cat/weekly] → level_05_weekly_state_cat.parquet
2026-09-08 22:23:36.586 | INFO     | __main__:generate:64 -   9 series × 278 weekly
2026-09-08 22:23:36.586 | INFO     | __main__:generate:67 -   2,502 filas (aprox.)
2026-09-08 22:23:51.905 | SUCCESS  | __main__:generate:70 -   listo  157.2 KiB
2026-09-08 22:23:53.419 | INFO     | __main__:generate:61 - [L6 store/daily] → level_06_daily_store.parquet
2026-09-08 22:23:53.420 | INFO     | __main__:generate:64 -   10 series × 1,941 daily
2026-09-08 22:23:53.421 | INFO     | __main__:generate:67 -   19,410 filas (aprox.)
2026-09-08 22:24:10.942 | SUCCESS  | __main__:generate:70 -   listo  887.4 KiB
2026-09-08 22:24:11.100 | INFO     | __main__:generate:61 - [L6 store/weekly] → level_06_weekly_store.parquet
2026-09-08 22:24:11.100 | INFO     | __main__:generate:64 -   10 series × 278 weekly
2026-09-08 22:24:11.101 | INFO     | __main__:generate:67 -   2,780 filas (aprox.)
2026-09-08 22:24:27.066 | SUCCESS  | __main__:generate:70 -   listo  168.1 KiB
2026-09-08 22:24:29.677 | INFO     | __main__:generate:61 - [L7 state_dept/daily] → level_07_daily_state_dept.parquet
2026-09-08 22:24:29.681 | INFO     | __main__:generate:64 -   21 series × 1,941 daily
2026-09-08 22:24:29.683 | INFO     | __main__:generate:67 -   40,761 filas (aprox.)
2026-09-08 22:24:50.283 | SUCCESS  | __main__:generate:70 -   listo  1.7 MiB
2026-09-08 22:24:50.382 | INFO     | __main__:generate:61 - [L7 state_dept/weekly] → level_07_weekly_state_dept.parquet
2026-09-08 22:24:50.383 | INFO     | __main__:generate:64 -   21 series × 278 weekly
2026-09-08 22:24:50.383 | INFO     | __main__:generate:67 -   5,838 filas (aprox.)
2026-09-08 22:25:00.830 | SUCCESS  | __main__:generate:70 -   listo  343.9 KiB
2026-09-08 22:25:02.214 | INFO     | __main__:generate:61 - [L8 store_cat/daily] → level_08_daily_store_cat.parquet
2026-09-08 22:25:02.214 | INFO     | __main__:generate:64 -   30 series × 1,941 daily
2026-09-08 22:25:02.214 | INFO     | __main__:generate:67 -   58,230 filas (aprox.)
2026-09-08 22:25:14.553 | SUCCESS  | __main__:generate:70 -   listo  2.4 MiB
2026-09-08 22:25:14.668 | INFO     | __main__:generate:61 - [L8 store_cat/weekly] → level_08_weekly_store_cat.parquet
2026-09-08 22:25:14.668 | INFO     | __main__:generate:64 -   30 series × 278 weekly
2026-09-08 22:25:14.669 | INFO     | __main__:generate:67 -   8,340 filas (aprox.)
2026-09-08 22:25:24.409 | SUCCESS  | __main__:generate:70 -   listo  477.3 KiB
2026-09-08 22:25:26.101 | INFO     | __main__:generate:61 - [L9 store_dept/daily] → level_09_daily_store_dept.parquet
2026-09-08 22:25:26.102 | INFO     | __main__:generate:64 -   70 series × 1,941 daily
2026-09-08 22:25:26.102 | INFO     | __main__:generate:67 -   135,870 filas (aprox.)
2026-09-08 22:25:42.077 | SUCCESS  | __main__:generate:70 -   listo  5.2 MiB
2026-09-08 22:25:42.177 | INFO     | __main__:generate:61 - [L9 store_dept/weekly] → level_09_weekly_store_dept.parquet
2026-09-08 22:25:42.178 | INFO     | __main__:generate:64 -   70 series × 278 weekly
2026-09-08 22:25:42.178 | INFO     | __main__:generate:67 -   19,460 filas (aprox.)
2026-09-08 22:25:56.139 | SUCCESS  | __main__:generate:70 -   listo  1.0 MiB
2026-09-08 22:25:57.320 | INFO     | __main__:generate:61 - [L10 item/daily] → level_10_daily_item.parquet
2026-09-08 22:25:57.321 | INFO     | __main__:generate:63 -   filtro: {'dept_id': ('FOODS_3',)}
2026-09-08 22:25:57.321 | INFO     | __main__:generate:64 -   823 series × 1,941 daily
2026-09-08 22:25:57.322 | INFO     | __main__:generate:67 -   1,597,443 filas (aprox.)
2026-09-08 22:26:27.737 | SUCCESS  | __main__:generate:70 -   listo  26.7 MiB
2026-09-08 22:26:27.884 | INFO     | __main__:generate:61 - [L10 item/weekly] → level_10_weekly_item.parquet
2026-09-08 22:26:27.884 | INFO     | __main__:generate:63 -   filtro: {'dept_id': ('FOODS_3',)}
2026-09-08 22:26:27.884 | INFO     | __main__:generate:64 -   823 series × 278 weekly
2026-09-08 22:26:27.885 | INFO     | __main__:generate:67 -   228,794 filas (aprox.)
2026-09-08 22:26:37.551 | SUCCESS  | __main__:generate:70 -   listo  7.2 MiB
2026-09-08 22:26:38.292 | INFO     | __main__:generate:61 - [L11 item_state/daily] → level_11_daily_item_state.parquet
2026-09-08 22:26:38.293 | INFO     | __main__:generate:63 -   filtro: {'dept_id': ('FOODS_3',), 'state_id': ('CA',)}
2026-09-08 22:26:38.293 | INFO     | __main__:generate:64 -   823 series × 1,941 daily
2026-09-08 22:26:38.295 | INFO     | __main__:generate:67 -   1,597,443 filas (aprox.)
2026-09-08 22:27:02.093 | SUCCESS  | __main__:generate:70 -   listo  19.3 MiB
2026-09-08 22:27:02.246 | INFO     | __main__:generate:61 - [L11 item_state/weekly] → level_11_weekly_item_state.parquet
2026-09-08 22:27:02.246 | INFO     | __main__:generate:63 -   filtro: {'dept_id': ('FOODS_3',), 'state_id': ('CA',)}
2026-09-08 22:27:02.246 | INFO     | __main__:generate:64 -   823 series × 278 weekly
2026-09-08 22:27:02.247 | INFO     | __main__:generate:67 -   228,794 filas (aprox.)
2026-09-08 22:27:08.233 | SUCCESS  | __main__:generate:70 -   listo  5.5 MiB
2026-09-08 22:27:08.461 | INFO     | __main__:generate:61 - [L12 item_store/daily] → level_12_daily_item_store.parquet
2026-09-08 22:27:08.461 | INFO     | __main__:generate:63 -   filtro: {'dept_id': ('FOODS_3',), 'store_id': ('CA_3',)}
2026-09-08 22:27:08.462 | INFO     | __main__:generate:64 -   823 series × 1,941 daily
2026-09-08 22:27:08.462 | INFO     | __main__:generate:67 -   1,597,443 filas (aprox.)
2026-09-08 22:27:18.854 | SUCCESS  | __main__:generate:70 -   listo  14.9 MiB
2026-09-08 22:27:18.953 | INFO     | __main__:generate:61 - [L12 item_store/weekly] → level_12_weekly_item_store.parquet
2026-09-08 22:27:18.953 | INFO     | __main__:generate:63 -   filtro: {'dept_id': ('FOODS_3',), 'store_id': ('CA_3',)}
2026-09-08 22:27:18.954 | INFO     | __main__:generate:64 -   823 series × 278 weekly
2026-09-08 22:27:18.954 | INFO     | __main__:generate:67 -   228,794 filas (aprox.)
2026-09-08 22:27:21.719 | SUCCESS  | __main__:generate:70 -   listo  4.5 MiB
