2026-09-14 21:43:04.829 | INFO     | __main__:generate:61 - [L1 total/daily] → level_01_daily_total.parquet
2026-09-14 21:43:04.831 | INFO     | __main__:generate:62 -   1 series × 1,941 daily
2026-09-14 21:43:04.832 | INFO     | __main__:generate:65 -   1,941 filas (aprox.)
2026-09-14 21:43:12.051 | SUCCESS  | __main__:generate:68 -   listo  49.0 KiB
2026-09-14 21:43:12.199 | INFO     | __main__:generate:61 - [L1 total/weekly] → level_01_weekly_total.parquet
2026-09-14 21:43:12.199 | INFO     | __main__:generate:62 -   1 series × 278 weekly
2026-09-14 21:43:12.200 | INFO     | __main__:generate:65 -   278 filas (aprox.)
2026-09-14 21:43:17.235 | SUCCESS  | __main__:generate:68 -   listo  12.7 KiB
2026-09-14 21:43:17.510 | INFO     | __main__:generate:61 - [L2 state/daily] → level_02_daily_state.parquet
2026-09-14 21:43:17.510 | INFO     | __main__:generate:62 -   3 series × 1,941 daily
2026-09-14 21:43:17.511 | INFO     | __main__:generate:65 -   5,823 filas (aprox.)
2026-09-14 21:43:22.747 | SUCCESS  | __main__:generate:68 -   listo  124.6 KiB
2026-09-14 21:43:22.914 | INFO     | __main__:generate:61 - [L2 state/weekly] → level_02_weekly_state.parquet
2026-09-14 21:43:22.915 | INFO     | __main__:generate:62 -   3 series × 278 weekly
2026-09-14 21:43:22.915 | INFO     | __main__:generate:65 -   834 filas (aprox.)
2026-09-14 21:43:27.782 | SUCCESS  | __main__:generate:68 -   listo  24.3 KiB
2026-09-14 21:43:28.048 | INFO     | __main__:generate:61 - [L3 cat/daily] → level_03_daily_cat.parquet
2026-09-14 21:43:28.049 | INFO     | __main__:generate:62 -   3 series × 1,941 daily
2026-09-14 21:43:28.050 | INFO     | __main__:generate:65 -   5,823 filas (aprox.)
2026-09-14 21:43:35.900 | SUCCESS  | __main__:generate:68 -   listo  125.7 KiB
2026-09-14 21:43:36.046 | INFO     | __main__:generate:61 - [L3 cat/weekly] → level_03_weekly_cat.parquet
2026-09-14 21:43:36.047 | INFO     | __main__:generate:62 -   3 series × 278 weekly
2026-09-14 21:43:36.047 | INFO     | __main__:generate:65 -   834 filas (aprox.)
2026-09-14 21:43:40.848 | SUCCESS  | __main__:generate:68 -   listo  24.6 KiB
2026-09-14 21:43:41.432 | INFO     | __main__:generate:61 - [L4 dept/daily] → level_04_daily_dept.parquet
2026-09-14 21:43:41.432 | INFO     | __main__:generate:62 -   7 series × 1,941 daily
2026-09-14 21:43:41.433 | INFO     | __main__:generate:65 -   13,587 filas (aprox.)
2026-09-14 21:43:46.463 | SUCCESS  | __main__:generate:68 -   listo  297.2 KiB
2026-09-14 21:43:46.616 | INFO     | __main__:generate:61 - [L4 dept/weekly] → level_04_weekly_dept.parquet
2026-09-14 21:43:46.617 | INFO     | __main__:generate:62 -   7 series × 278 weekly
2026-09-14 21:43:46.617 | INFO     | __main__:generate:65 -   1,946 filas (aprox.)
2026-09-14 21:43:51.601 | SUCCESS  | __main__:generate:68 -   listo  49.0 KiB
2026-09-14 21:43:52.105 | INFO     | __main__:generate:61 - [L5 state_cat/daily] → level_05_daily_state_cat.parquet
2026-09-14 21:43:52.105 | INFO     | __main__:generate:62 -   9 series × 1,941 daily
2026-09-14 21:43:52.107 | INFO     | __main__:generate:65 -   17,469 filas (aprox.)
2026-09-14 21:43:57.728 | SUCCESS  | __main__:generate:68 -   listo  371.4 KiB
2026-09-14 21:43:57.880 | INFO     | __main__:generate:61 - [L5 state_cat/weekly] → level_05_weekly_state_cat.parquet
2026-09-14 21:43:57.880 | INFO     | __main__:generate:62 -   9 series × 278 weekly
2026-09-14 21:43:57.881 | INFO     | __main__:generate:65 -   2,502 filas (aprox.)
2026-09-14 21:44:03.326 | SUCCESS  | __main__:generate:68 -   listo  60.1 KiB
2026-09-14 21:44:03.763 | INFO     | __main__:generate:61 - [L6 store/daily] → level_06_daily_store.parquet
2026-09-14 21:44:03.763 | INFO     | __main__:generate:62 -   10 series × 1,941 daily
2026-09-14 21:44:03.764 | INFO     | __main__:generate:65 -   19,410 filas (aprox.)
2026-09-14 21:44:12.178 | SUCCESS  | __main__:generate:68 -   listo  401.6 KiB
2026-09-14 21:44:12.345 | INFO     | __main__:generate:61 - [L6 store/weekly] → level_06_weekly_store.parquet
2026-09-14 21:44:12.346 | INFO     | __main__:generate:62 -   10 series × 278 weekly
2026-09-14 21:44:12.346 | INFO     | __main__:generate:65 -   2,780 filas (aprox.)
2026-09-14 21:44:17.459 | SUCCESS  | __main__:generate:68 -   listo  64.3 KiB
2026-09-14 21:44:18.060 | INFO     | __main__:generate:61 - [L7 state_dept/daily] → level_07_daily_state_dept.parquet
2026-09-14 21:44:18.061 | INFO     | __main__:generate:62 -   21 series × 1,941 daily
2026-09-14 21:44:18.062 | INFO     | __main__:generate:65 -   40,761 filas (aprox.)
2026-09-14 21:44:23.914 | SUCCESS  | __main__:generate:68 -   listo  818.2 KiB
2026-09-14 21:44:24.065 | INFO     | __main__:generate:61 - [L7 state_dept/weekly] → level_07_weekly_state_dept.parquet
2026-09-14 21:44:24.066 | INFO     | __main__:generate:62 -   21 series × 278 weekly
2026-09-14 21:44:24.067 | INFO     | __main__:generate:65 -   5,838 filas (aprox.)
2026-09-14 21:44:30.807 | SUCCESS  | __main__:generate:68 -   listo  125.8 KiB
2026-09-14 21:44:31.535 | INFO     | __main__:generate:61 - [L8 store_cat/daily] → level_08_daily_store_cat.parquet
2026-09-14 21:44:31.536 | INFO     | __main__:generate:62 -   30 series × 1,941 daily
2026-09-14 21:44:31.537 | INFO     | __main__:generate:65 -   58,230 filas (aprox.)
2026-09-14 21:44:37.713 | SUCCESS  | __main__:generate:68 -   listo  1.1 MiB
2026-09-14 21:44:37.858 | INFO     | __main__:generate:61 - [L8 store_cat/weekly] → level_08_weekly_store_cat.parquet
2026-09-14 21:44:37.859 | INFO     | __main__:generate:62 -   30 series × 278 weekly
2026-09-14 21:44:37.860 | INFO     | __main__:generate:65 -   8,340 filas (aprox.)
2026-09-14 21:44:46.818 | SUCCESS  | __main__:generate:68 -   listo  173.2 KiB
2026-09-14 21:44:47.510 | INFO     | __main__:generate:61 - [L9 store_dept/daily] → level_09_daily_store_dept.parquet
2026-09-14 21:44:47.510 | INFO     | __main__:generate:62 -   70 series × 1,941 daily
2026-09-14 21:44:47.511 | INFO     | __main__:generate:65 -   135,870 filas (aprox.)
2026-09-14 21:44:53.962 | SUCCESS  | __main__:generate:68 -   listo  2.5 MiB
2026-09-14 21:44:54.098 | INFO     | __main__:generate:61 - [L9 store_dept/weekly] → level_09_weekly_store_dept.parquet
2026-09-14 21:44:54.099 | INFO     | __main__:generate:62 -   70 series × 278 weekly
2026-09-14 21:44:54.100 | INFO     | __main__:generate:65 -   19,460 filas (aprox.)
2026-09-14 21:45:00.350 | SUCCESS  | __main__:generate:68 -   listo  386.1 KiB
2026-09-14 21:45:01.078 | INFO     | __main__:generate:61 - [L10 item/daily] → level_10_daily_item.parquet
2026-09-14 21:45:01.078 | INFO     | __main__:generate:62 -   3,049 series × 1,941 daily
2026-09-14 21:45:01.079 | INFO     | __main__:generate:65 -   5,918,109 filas (aprox.)
2026-09-14 21:45:50.200 | SUCCESS  | __main__:generate:68 -   listo  33.3 MiB
2026-09-14 21:45:58.062 | INFO     | __main__:generate:61 - [L10 item/weekly] → level_10_weekly_item.parquet
2026-09-14 21:45:58.063 | INFO     | __main__:generate:62 -   3,049 series × 278 weekly
2026-09-14 21:45:58.064 | INFO     | __main__:generate:65 -   847,622 filas (aprox.)
2026-09-14 21:46:08.846 | SUCCESS  | __main__:generate:68 -   listo  6.9 MiB
2026-09-14 21:46:09.804 | INFO     | __main__:generate:61 - [L11 item_state/daily] → level_11_daily_item_state.parquet
2026-09-14 21:46:09.805 | INFO     | __main__:generate:62 -   9,147 series × 1,941 daily
2026-09-14 21:46:09.806 | INFO     | __main__:generate:65 -   17,754,327 filas (aprox.)
2026-09-14 21:47:58.296 | SUCCESS  | __main__:generate:68 -   listo  56.5 MiB
2026-09-14 21:48:01.117 | INFO     | __main__:generate:61 - [L11 item_state/weekly] → level_11_weekly_item_state.parquet
2026-09-14 21:48:01.119 | INFO     | __main__:generate:62 -   9,147 series × 278 weekly
2026-09-14 21:48:01.120 | INFO     | __main__:generate:65 -   2,542,866 filas (aprox.)
2026-09-14 21:48:19.395 | SUCCESS  | __main__:generate:68 -   listo  12.6 MiB
2026-09-14 21:48:20.389 | INFO     | __main__:generate:61 - [L12 item_store/daily] → level_12_daily_item_store.parquet
2026-09-14 21:48:20.390 | INFO     | __main__:generate:62 -   30,490 series × 1,941 daily
2026-09-14 21:48:20.391 | INFO     | __main__:generate:65 -   59,181,090 filas (aprox.)
2026-09-14 21:53:46.184 | SUCCESS  | __main__:generate:68 -   listo  123.9 MiB
2026-09-14 21:53:50.911 | INFO     | __main__:generate:61 - [L12 item_store/weekly] → level_12_weekly_item_store.parquet
2026-09-14 21:53:50.913 | INFO     | __main__:generate:62 -   30,490 series × 278 weekly
2026-09-14 21:53:50.914 | INFO     | __main__:generate:65 -   8,476,220 filas (aprox.)
2026-09-14 21:54:26.168 | SUCCESS  | __main__:generate:68 -   listo  26.7 MiB
