2026-09-03 23:11:05.258 | INFO     | __main__:generate:61 - [L1 total/daily] → level_01_daily_total.parquet
2026-09-03 23:11:05.259 | INFO     | __main__:generate:64 -   1 series × 1,941 daily
2026-09-03 23:11:05.259 | INFO     | __main__:generate:67 -   1,941 filas (aprox.)
2026-09-03 23:11:12.230 | SUCCESS  | __main__:generate:70 -   listo  102.7 KiB
2026-09-03 23:11:12.496 | INFO     | __main__:generate:61 - [L2 state/daily] → level_02_daily_state.parquet
2026-09-03 23:11:12.496 | INFO     | __main__:generate:64 -   3 series × 1,941 daily
2026-09-03 23:11:12.497 | INFO     | __main__:generate:67 -   5,823 filas (aprox.)
2026-09-03 23:11:23.244 | SUCCESS  | __main__:generate:70 -   listo  279.8 KiB
2026-09-03 23:11:23.501 | INFO     | __main__:generate:61 - [L3 cat/daily] → level_03_daily_cat.parquet
2026-09-03 23:11:23.501 | INFO     | __main__:generate:64 -   3 series × 1,941 daily
2026-09-03 23:11:23.502 | INFO     | __main__:generate:67 -   5,823 filas (aprox.)
2026-09-03 23:11:32.834 | SUCCESS  | __main__:generate:70 -   listo  287.1 KiB
2026-09-03 23:11:34.102 | INFO     | __main__:generate:61 - [L4 dept/daily] → level_04_daily_dept.parquet
2026-09-03 23:11:34.103 | INFO     | __main__:generate:64 -   7 series × 1,941 daily
2026-09-03 23:11:34.103 | INFO     | __main__:generate:67 -   13,587 filas (aprox.)
2026-09-03 23:11:50.753 | SUCCESS  | __main__:generate:70 -   listo  658.6 KiB
2026-09-03 23:11:52.585 | INFO     | __main__:generate:61 - [L5 state_cat/daily] → level_05_daily_state_cat.parquet
2026-09-03 23:11:52.586 | INFO     | __main__:generate:64 -   9 series × 1,941 daily
2026-09-03 23:11:52.589 | INFO     | __main__:generate:67 -   17,469 filas (aprox.)
2026-09-03 23:12:11.747 | SUCCESS  | __main__:generate:70 -   listo  830.1 KiB
2026-09-03 23:12:13.168 | INFO     | __main__:generate:61 - [L6 store/daily] → level_06_daily_store.parquet
2026-09-03 23:12:13.169 | INFO     | __main__:generate:64 -   10 series × 1,941 daily
2026-09-03 23:12:13.169 | INFO     | __main__:generate:67 -   19,410 filas (aprox.)
2026-09-03 23:12:31.097 | SUCCESS  | __main__:generate:70 -   listo  887.4 KiB
2026-09-03 23:12:33.626 | INFO     | __main__:generate:61 - [L7 state_dept/daily] → level_07_daily_state_dept.parquet
2026-09-03 23:12:33.627 | INFO     | __main__:generate:64 -   21 series × 1,941 daily
2026-09-03 23:12:33.627 | INFO     | __main__:generate:67 -   40,761 filas (aprox.)
2026-09-03 23:12:55.122 | SUCCESS  | __main__:generate:70 -   listo  1.7 MiB
2026-09-03 23:12:57.637 | INFO     | __main__:generate:61 - [L8 store_cat/daily] → level_08_daily_store_cat.parquet
2026-09-03 23:12:57.638 | INFO     | __main__:generate:64 -   30 series × 1,941 daily
2026-09-03 23:12:57.638 | INFO     | __main__:generate:67 -   58,230 filas (aprox.)
2026-09-03 23:13:17.963 | SUCCESS  | __main__:generate:70 -   listo  2.4 MiB
2026-09-03 23:13:19.707 | INFO     | __main__:generate:61 - [L9 store_dept/daily] → level_09_daily_store_dept.parquet
2026-09-03 23:13:19.708 | INFO     | __main__:generate:64 -   70 series × 1,941 daily
2026-09-03 23:13:19.708 | INFO     | __main__:generate:67 -   135,870 filas (aprox.)
2026-09-03 23:13:34.165 | SUCCESS  | __main__:generate:70 -   listo  5.2 MiB
2026-09-03 23:13:34.861 | INFO     | __main__:generate:61 - [L10 item/daily] → level_10_daily_item.parquet
2026-09-03 23:13:34.861 | INFO     | __main__:generate:63 -   filtro: {'dept_id': ('FOODS_3',)}
2026-09-03 23:13:34.862 | INFO     | __main__:generate:64 -   823 series × 1,941 daily
2026-09-03 23:13:34.862 | INFO     | __main__:generate:67 -   1,597,443 filas (aprox.)
2026-09-03 23:13:53.181 | SUCCESS  | __main__:generate:70 -   listo  26.7 MiB
2026-09-03 23:13:53.617 | INFO     | __main__:generate:61 - [L11 item_state/daily] → level_11_daily_item_state.parquet
2026-09-03 23:13:53.618 | INFO     | __main__:generate:63 -   filtro: {'dept_id': ('FOODS_3',), 'state_id': ('CA',)}
2026-09-03 23:13:53.618 | INFO     | __main__:generate:64 -   823 series × 1,941 daily
2026-09-03 23:13:53.619 | INFO     | __main__:generate:67 -   1,597,443 filas (aprox.)
2026-09-03 23:14:08.437 | SUCCESS  | __main__:generate:70 -   listo  19.3 MiB
2026-09-03 23:14:08.676 | INFO     | __main__:generate:61 - [L12 item_store/daily] → level_12_daily_item_store.parquet
2026-09-03 23:14:08.676 | INFO     | __main__:generate:63 -   filtro: {'dept_id': ('FOODS_3',), 'store_id': ('CA_3',)}
2026-09-03 23:14:08.676 | INFO     | __main__:generate:64 -   823 series × 1,941 daily
2026-09-03 23:14:08.677 | INFO     | __main__:generate:67 -   1,597,443 filas (aprox.)
2026-09-03 23:14:21.065 | SUCCESS  | __main__:generate:70 -   listo  14.9 MiB
