2026-09-15 22:10:02.320 | INFO     | api.main:lifespan:32 - API iniciada
2026-09-15 22:10:02.366 | SUCCESS  | __main__:<module>:16 - API arriba en http://127.0.0.1:8010
2026-09-15 22:10:09.672 | INFO     | src.data.dataset:load_data:58 - level_01_daily_total | target=sales | 1,941 filas | 191 features (9 categóricas)
2026-09-15 22:10:09.687 | INFO     | src.data.temporal_split:log_summary:41 - Train : 2011-01-29 to 2015-04-26 (1,549 days, 1,549 rows)
2026-09-15 22:10:09.689 | INFO     | src.data.temporal_split:log_summary:42 - Valid : 2015-04-27 to 2016-04-24 (364 days, 364 rows)
2026-09-15 22:10:09.692 | INFO     | src.data.temporal_split:log_summary:43 - Test  : 2016-04-25 to 2016-05-22 (28 days, 28 rows)
2026-09-15 22:10:10.034 | INFO     | src.data.dataset:split_data:119 - Features: 131 (1 categóricas)
2026-09-15 22:10:10.402 | INFO     | src.data.dataset:load_data:58 - level_02_daily_state | target=sales | 5,823 filas | 191 features (9 categóricas)
2026-09-15 22:10:10.418 | INFO     | src.data.temporal_split:log_summary:41 - Train : 2011-01-29 to 2015-04-26 (1,549 days, 4,647 rows)
2026-09-15 22:10:10.421 | INFO     | src.data.temporal_split:log_summary:42 - Valid : 2015-04-27 to 2016-04-24 (364 days, 1,092 rows)
2026-09-15 22:10:10.423 | INFO     | src.data.temporal_split:log_summary:43 - Test  : 2016-04-25 to 2016-05-22 (28 days, 84 rows)
2026-09-15 22:10:10.776 | INFO     | src.data.dataset:split_data:119 - Features: 155 (3 categóricas)
2026-09-15 22:10:11.295 | INFO     | src.data.dataset:load_data:58 - level_03_daily_cat | target=sales | 5,823 filas | 191 features (9 categóricas)
2026-09-15 22:10:11.310 | INFO     | src.data.temporal_split:log_summary:41 - Train : 2011-01-29 to 2015-04-26 (1,549 days, 4,647 rows)
2026-09-15 22:10:11.312 | INFO     | src.data.temporal_split:log_summary:42 - Valid : 2015-04-27 to 2016-04-24 (364 days, 1,092 rows)
2026-09-15 22:10:11.314 | INFO     | src.data.temporal_split:log_summary:43 - Test  : 2016-04-25 to 2016-05-22 (28 days, 84 rows)
2026-09-15 22:10:11.664 | INFO     | src.data.dataset:split_data:119 - Features: 154 (3 categóricas)
2026-09-15 22:10:12.187 | INFO     | src.data.dataset:load_data:58 - level_04_daily_dept | target=sales | 13,587 filas | 191 features (9 categóricas)
2026-09-15 22:10:12.207 | INFO     | src.data.temporal_split:log_summary:41 - Train : 2011-01-29 to 2015-04-26 (1,549 days, 10,843 rows)
2026-09-15 22:10:12.209 | INFO     | src.data.temporal_split:log_summary:42 - Valid : 2015-04-27 to 2016-04-24 (364 days, 2,548 rows)
2026-09-15 22:10:12.213 | INFO     | src.data.temporal_split:log_summary:43 - Test  : 2016-04-25 to 2016-05-22 (28 days, 196 rows)
2026-09-15 22:10:12.562 | INFO     | src.data.dataset:split_data:119 - Features: 139 (2 categóricas)
2026-09-15 22:10:12.934 | INFO     | src.data.dataset:load_data:58 - level_06_daily_store | target=sales | 19,410 filas | 191 features (9 categóricas)
2026-09-15 22:10:12.966 | INFO     | src.data.temporal_split:log_summary:41 - Train : 2011-01-29 to 2015-04-26 (1,549 days, 15,490 rows)
2026-09-15 22:10:12.968 | INFO     | src.data.temporal_split:log_summary:42 - Valid : 2015-04-27 to 2016-04-24 (364 days, 3,640 rows)
2026-09-15 22:10:12.971 | INFO     | src.data.temporal_split:log_summary:43 - Test  : 2016-04-25 to 2016-05-22 (28 days, 280 rows)
2026-09-15 22:10:13.350 | INFO     | src.data.dataset:split_data:119 - Features: 135 (3 categóricas)
2026-09-15 22:10:14.545 | INFO     | src.data.dataset:load_data:58 - level_08_daily_store_cat | target=sales | 58,230 filas | 191 features (9 categóricas)
2026-09-15 22:10:14.722 | INFO     | src.data.temporal_split:log_summary:41 - Train : 2011-01-29 to 2015-04-26 (1,549 days, 46,470 rows)
2026-09-15 22:10:14.724 | INFO     | src.data.temporal_split:log_summary:42 - Valid : 2015-04-27 to 2016-04-24 (364 days, 10,920 rows)
2026-09-15 22:10:14.730 | INFO     | src.data.temporal_split:log_summary:43 - Test  : 2016-04-25 to 2016-05-22 (28 days, 840 rows)
2026-09-15 22:10:15.336 | INFO     | src.data.dataset:split_data:119 - Features: 154 (3 categóricas)
2026-09-15 22:10:15.634 | INFO     | __main__:<module>:3 - API detenida
