2026-09-09 19:12:02.403 | INFO     | __main__:main:101 - [L1 total/daily] level_01_daily_total.parquet → dataset_level_01_daily_total.parquet
2026-09-09 19:12:02.933 | SUCCESS  | __main__:main:127 -   listo  1.1 MB  (195 cols, 1,941 filas)
2026-09-09 19:12:02.936 | INFO     | __main__:main:101 - [L2 state/daily] level_02_daily_state.parquet → dataset_level_02_daily_state.parquet
2026-09-09 19:12:03.564 | SUCCESS  | __main__:main:127 -   listo  2.9 MB  (195 cols, 5,823 filas)
2026-09-09 19:12:03.565 | INFO     | __main__:main:101 - [L3 cat/daily] level_03_daily_cat.parquet → dataset_level_03_daily_cat.parquet
2026-09-09 19:12:04.152 | SUCCESS  | __main__:main:127 -   listo  3.0 MB  (195 cols, 5,823 filas)
2026-09-09 19:12:04.153 | INFO     | __main__:main:101 - [L4 dept/daily] level_04_daily_dept.parquet → dataset_level_04_daily_dept.parquet
2026-09-09 19:12:05.150 | SUCCESS  | __main__:main:127 -   listo  6.3 MB  (195 cols, 13,587 filas)
2026-09-09 19:12:05.151 | INFO     | __main__:main:101 - [L5 state_cat/daily] level_05_daily_state_cat.parquet → dataset_level_05_daily_state_cat.parquet
2026-09-09 19:12:06.272 | SUCCESS  | __main__:main:127 -   listo  7.7 MB  (195 cols, 17,469 filas)
2026-09-09 19:12:06.273 | INFO     | __main__:main:101 - [L6 store/daily] level_06_daily_store.parquet → dataset_level_06_daily_store.parquet
2026-09-09 19:12:07.531 | SUCCESS  | __main__:main:127 -   listo  7.9 MB  (195 cols, 19,410 filas)
2026-09-09 19:12:07.531 | INFO     | __main__:main:101 - [L7 state_dept/daily] level_07_daily_state_dept.parquet → dataset_level_07_daily_state_dept.parquet
2026-09-09 19:12:09.727 | SUCCESS  | __main__:main:127 -   listo  15.9 MB  (195 cols, 40,761 filas)
2026-09-09 19:12:09.728 | INFO     | __main__:main:101 - [L8 store_cat/daily] level_08_daily_store_cat.parquet → dataset_level_08_daily_store_cat.parquet
2026-09-09 19:12:12.517 | SUCCESS  | __main__:main:127 -   listo  21.1 MB  (195 cols, 58,230 filas)
2026-09-09 19:12:12.519 | INFO     | __main__:main:101 - [L9 store_dept/daily] level_09_daily_store_dept.parquet → dataset_level_09_daily_store_dept.parquet
2026-09-09 19:12:18.395 | SUCCESS  | __main__:main:127 -   listo  44.1 MB  (195 cols, 135,870 filas)
2026-09-09 19:12:18.396 | INFO     | __main__:main:96 - [L10 item/daily] level_10_daily_item.parquet
2026-09-09 19:12:18.491 | INFO     | __main__:_process_split:53 -   separando por ['dept_id'] (1 datasets)
2026-09-09 19:12:46.306 | SUCCESS  | __main__:_process_split:61 -   [1/1] [FOODS_3] 274.3 MB  (1,597,443 filas)
2026-09-09 19:12:46.525 | INFO     | __main__:main:96 - [L11 item_state/daily] level_11_daily_item_state.parquet
2026-09-09 19:12:46.693 | INFO     | __main__:_process_split:53 -   separando por ['state_id', 'dept_id'] (1 datasets)
2026-09-09 19:13:18.421 | SUCCESS  | __main__:_process_split:61 -   [1/1] [CA/FOODS_3] 235.6 MB  (1,597,443 filas)
2026-09-09 19:13:18.637 | INFO     | __main__:main:96 - [L12 item_store/daily] level_12_daily_item_store.parquet
2026-09-09 19:13:18.775 | INFO     | __main__:_process_split:53 -   separando por ['store_id', 'dept_id'] (1 datasets)
2026-09-09 19:13:57.141 | SUCCESS  | __main__:_process_split:61 -   [1/1] [CA_3/FOODS_3] 191.9 MB  (1,597,443 filas)
2026-09-09 19:13:57.404 | INFO     | __main__:main:101 - [L1 total/weekly] level_01_weekly_total.parquet → dataset_level_01_weekly_total.parquet
2026-09-09 19:13:57.639 | SUCCESS  | __main__:main:127 -   listo  0.1 MB  (113 cols, 278 filas)
2026-09-09 19:13:57.640 | INFO     | __main__:main:101 - [L2 state/weekly] level_02_weekly_state.parquet → dataset_level_02_weekly_state.parquet
2026-09-09 19:13:57.863 | SUCCESS  | __main__:main:127 -   listo  0.3 MB  (113 cols, 834 filas)
2026-09-09 19:13:57.864 | INFO     | __main__:main:101 - [L3 cat/weekly] level_03_weekly_cat.parquet → dataset_level_03_weekly_cat.parquet
2026-09-09 19:13:58.113 | SUCCESS  | __main__:main:127 -   listo  0.3 MB  (113 cols, 834 filas)
2026-09-09 19:13:58.114 | INFO     | __main__:main:101 - [L4 dept/weekly] level_04_weekly_dept.parquet → dataset_level_04_weekly_dept.parquet
2026-09-09 19:13:58.386 | SUCCESS  | __main__:main:127 -   listo  0.5 MB  (113 cols, 1,946 filas)
2026-09-09 19:13:58.387 | INFO     | __main__:main:101 - [L5 state_cat/weekly] level_05_weekly_state_cat.parquet → dataset_level_05_weekly_state_cat.parquet
2026-09-09 19:13:58.645 | SUCCESS  | __main__:main:127 -   listo  0.6 MB  (113 cols, 2,502 filas)
2026-09-09 19:13:58.646 | INFO     | __main__:main:101 - [L6 store/weekly] level_06_weekly_store.parquet → dataset_level_06_weekly_store.parquet
2026-09-09 19:13:58.934 | SUCCESS  | __main__:main:127 -   listo  0.7 MB  (113 cols, 2,780 filas)
2026-09-09 19:13:58.935 | INFO     | __main__:main:101 - [L7 state_dept/weekly] level_07_weekly_state_dept.parquet → dataset_level_07_weekly_state_dept.parquet
2026-09-09 19:13:59.281 | SUCCESS  | __main__:main:127 -   listo  1.4 MB  (113 cols, 5,838 filas)
2026-09-09 19:13:59.282 | INFO     | __main__:main:101 - [L8 store_cat/weekly] level_08_weekly_store_cat.parquet → dataset_level_08_weekly_store_cat.parquet
2026-09-09 19:13:59.697 | SUCCESS  | __main__:main:127 -   listo  1.8 MB  (113 cols, 8,340 filas)
2026-09-09 19:13:59.698 | INFO     | __main__:main:101 - [L9 store_dept/weekly] level_09_weekly_store_dept.parquet → dataset_level_09_weekly_store_dept.parquet
2026-09-09 19:14:00.456 | SUCCESS  | __main__:main:127 -   listo  3.9 MB  (113 cols, 19,460 filas)
2026-09-09 19:14:00.456 | INFO     | __main__:main:96 - [L10 item/weekly] level_10_weekly_item.parquet
2026-09-09 19:14:00.531 | INFO     | __main__:_process_split:53 -   separando por ['dept_id'] (1 datasets)
2026-09-09 19:14:05.535 | SUCCESS  | __main__:_process_split:61 -   [1/1] [FOODS_3] 24.7 MB  (228,794 filas)
2026-09-09 19:14:05.706 | INFO     | __main__:main:96 - [L11 item_state/weekly] level_11_weekly_item_state.parquet
2026-09-09 19:14:05.771 | INFO     | __main__:_process_split:53 -   separando por ['state_id', 'dept_id'] (1 datasets)
2026-09-09 19:14:10.305 | SUCCESS  | __main__:_process_split:61 -   [1/1] [CA/FOODS_3] 21.6 MB  (228,794 filas)
2026-09-09 19:14:10.456 | INFO     | __main__:main:96 - [L12 item_store/weekly] level_12_weekly_item_store.parquet
2026-09-09 19:14:10.485 | INFO     | __main__:_process_split:53 -   separando por ['store_id', 'dept_id'] (1 datasets)
2026-09-09 19:14:13.881 | SUCCESS  | __main__:_process_split:61 -   [1/1] [CA_3/FOODS_3] 18.7 MB  (228,794 filas)
