2026-09-09 18:12:05.094 | INFO     | __main__:main:101 - [L1 total/daily] level_01_daily_total.parquet → dataset_level_01_daily_total.parquet
2026-09-09 18:12:05.966 | SUCCESS  | __main__:main:127 -   listo  1.1 MB  (195 cols, 1,941 filas)
2026-09-09 18:12:05.967 | INFO     | __main__:main:101 - [L2 state/daily] level_02_daily_state.parquet → dataset_level_02_daily_state.parquet
2026-09-09 18:12:06.650 | SUCCESS  | __main__:main:127 -   listo  2.9 MB  (195 cols, 5,823 filas)
2026-09-09 18:12:06.651 | INFO     | __main__:main:101 - [L3 cat/daily] level_03_daily_cat.parquet → dataset_level_03_daily_cat.parquet
2026-09-09 18:12:07.264 | SUCCESS  | __main__:main:127 -   listo  3.0 MB  (195 cols, 5,823 filas)
2026-09-09 18:12:07.265 | INFO     | __main__:main:101 - [L4 dept/daily] level_04_daily_dept.parquet → dataset_level_04_daily_dept.parquet
2026-09-09 18:12:08.334 | SUCCESS  | __main__:main:127 -   listo  6.3 MB  (195 cols, 13,587 filas)
2026-09-09 18:12:08.335 | INFO     | __main__:main:101 - [L5 state_cat/daily] level_05_daily_state_cat.parquet → dataset_level_05_daily_state_cat.parquet
2026-09-09 18:12:09.504 | SUCCESS  | __main__:main:127 -   listo  7.7 MB  (195 cols, 17,469 filas)
2026-09-09 18:12:09.505 | INFO     | __main__:main:101 - [L6 store/daily] level_06_daily_store.parquet → dataset_level_06_daily_store.parquet
2026-09-09 18:12:10.600 | SUCCESS  | __main__:main:127 -   listo  7.9 MB  (195 cols, 19,410 filas)
2026-09-09 18:12:10.602 | INFO     | __main__:main:101 - [L7 state_dept/daily] level_07_daily_state_dept.parquet → dataset_level_07_daily_state_dept.parquet
2026-09-09 18:12:12.725 | SUCCESS  | __main__:main:127 -   listo  15.9 MB  (195 cols, 40,761 filas)
2026-09-09 18:12:12.728 | INFO     | __main__:main:101 - [L8 store_cat/daily] level_08_daily_store_cat.parquet → dataset_level_08_daily_store_cat.parquet
2026-09-09 18:12:15.444 | SUCCESS  | __main__:main:127 -   listo  21.1 MB  (195 cols, 58,230 filas)
2026-09-09 18:12:15.445 | INFO     | __main__:main:101 - [L9 store_dept/daily] level_09_daily_store_dept.parquet → dataset_level_09_daily_store_dept.parquet
2026-09-09 18:12:20.408 | SUCCESS  | __main__:main:127 -   listo  44.1 MB  (195 cols, 135,870 filas)
2026-09-09 18:12:20.409 | INFO     | __main__:main:96 - [L10 item/daily] level_10_daily_item.parquet
2026-09-09 18:12:20.603 | INFO     | __main__:_process_split:53 -   separando por ['dept_id'] (1 datasets)
2026-09-09 18:13:08.428 | SUCCESS  | __main__:_process_split:61 -   [1/1] [FOODS_3] 270.5 MB  (1,597,443 filas)
2026-09-09 18:13:08.621 | INFO     | __main__:main:96 - [L11 item_state/daily] level_11_daily_item_state.parquet
2026-09-09 18:13:08.737 | INFO     | __main__:_process_split:53 -   separando por ['state_id', 'dept_id'] (1 datasets)
2026-09-09 18:13:49.395 | SUCCESS  | __main__:_process_split:61 -   [1/1] [CA/FOODS_3] 232.0 MB  (1,597,443 filas)
2026-09-09 18:13:49.657 | INFO     | __main__:main:96 - [L12 item_store/daily] level_12_daily_item_store.parquet
2026-09-09 18:13:49.881 | INFO     | __main__:_process_split:53 -   separando por ['store_id', 'dept_id'] (1 datasets)
2026-09-09 18:14:29.224 | SUCCESS  | __main__:_process_split:61 -   [1/1] [CA_3/FOODS_3] 189.0 MB  (1,597,443 filas)
2026-09-09 18:14:29.401 | INFO     | __main__:main:101 - [L1 total/weekly] level_01_weekly_total.parquet → dataset_level_01_weekly_total.parquet
2026-09-09 18:14:29.519 | SUCCESS  | __main__:main:127 -   listo  0.1 MB  (113 cols, 278 filas)
2026-09-09 18:14:29.520 | INFO     | __main__:main:101 - [L2 state/weekly] level_02_weekly_state.parquet → dataset_level_02_weekly_state.parquet
2026-09-09 18:14:29.656 | SUCCESS  | __main__:main:127 -   listo  0.3 MB  (113 cols, 834 filas)
2026-09-09 18:14:29.657 | INFO     | __main__:main:101 - [L3 cat/weekly] level_03_weekly_cat.parquet → dataset_level_03_weekly_cat.parquet
2026-09-09 18:14:29.785 | SUCCESS  | __main__:main:127 -   listo  0.3 MB  (113 cols, 834 filas)
2026-09-09 18:14:29.786 | INFO     | __main__:main:101 - [L4 dept/weekly] level_04_weekly_dept.parquet → dataset_level_04_weekly_dept.parquet
2026-09-09 18:14:29.918 | SUCCESS  | __main__:main:127 -   listo  0.5 MB  (113 cols, 1,946 filas)
2026-09-09 18:14:29.919 | INFO     | __main__:main:101 - [L5 state_cat/weekly] level_05_weekly_state_cat.parquet → dataset_level_05_weekly_state_cat.parquet
2026-09-09 18:14:30.061 | SUCCESS  | __main__:main:127 -   listo  0.6 MB  (113 cols, 2,502 filas)
2026-09-09 18:14:30.062 | INFO     | __main__:main:101 - [L6 store/weekly] level_06_weekly_store.parquet → dataset_level_06_weekly_store.parquet
2026-09-09 18:14:30.206 | SUCCESS  | __main__:main:127 -   listo  0.7 MB  (113 cols, 2,780 filas)
2026-09-09 18:14:30.207 | INFO     | __main__:main:101 - [L7 state_dept/weekly] level_07_weekly_state_dept.parquet → dataset_level_07_weekly_state_dept.parquet
2026-09-09 18:14:30.395 | SUCCESS  | __main__:main:127 -   listo  1.4 MB  (113 cols, 5,838 filas)
2026-09-09 18:14:30.396 | INFO     | __main__:main:101 - [L8 store_cat/weekly] level_08_weekly_store_cat.parquet → dataset_level_08_weekly_store_cat.parquet
2026-09-09 18:14:30.704 | SUCCESS  | __main__:main:127 -   listo  1.8 MB  (113 cols, 8,340 filas)
2026-09-09 18:14:30.705 | INFO     | __main__:main:101 - [L9 store_dept/weekly] level_09_weekly_store_dept.parquet → dataset_level_09_weekly_store_dept.parquet
2026-09-09 18:14:31.090 | SUCCESS  | __main__:main:127 -   listo  3.9 MB  (113 cols, 19,460 filas)
2026-09-09 18:14:31.091 | INFO     | __main__:main:96 - [L10 item/weekly] level_10_weekly_item.parquet
2026-09-09 18:14:31.115 | INFO     | __main__:_process_split:53 -   separando por ['dept_id'] (1 datasets)
2026-09-09 18:14:33.815 | SUCCESS  | __main__:_process_split:61 -   [1/1] [FOODS_3] 24.2 MB  (228,794 filas)
2026-09-09 18:14:33.937 | INFO     | __main__:main:96 - [L11 item_state/weekly] level_11_weekly_item_state.parquet
2026-09-09 18:14:33.963 | INFO     | __main__:_process_split:53 -   separando por ['state_id', 'dept_id'] (1 datasets)
2026-09-09 18:14:36.629 | SUCCESS  | __main__:_process_split:61 -   [1/1] [CA/FOODS_3] 21.1 MB  (228,794 filas)
2026-09-09 18:14:36.753 | INFO     | __main__:main:96 - [L12 item_store/weekly] level_12_weekly_item_store.parquet
2026-09-09 18:14:36.773 | INFO     | __main__:_process_split:53 -   separando por ['store_id', 'dept_id'] (1 datasets)
2026-09-09 18:14:39.391 | SUCCESS  | __main__:_process_split:61 -   [1/1] [CA_3/FOODS_3] 18.3 MB  (228,794 filas)
