2026-09-15 22:37:56.138 | INFO     | __main__:main:85 - Perfil de entrenamiento: efficient
2026-09-15 22:37:56.192 | INFO     | src.data.dataset:load_data:58 - level_01_daily_total | target=sales | 1,941 filas | 191 features (9 categóricas)
2026-09-15 22:37:56.197 | INFO     | src.data.temporal_split:log_summary:41 - Train : 2011-01-29 to 2015-04-26 (1,549 days, 1,549 rows)
2026-09-15 22:37:56.197 | INFO     | src.data.temporal_split:log_summary:42 - Valid : 2015-04-27 to 2016-04-24 (364 days, 364 rows)
2026-09-15 22:37:56.197 | INFO     | src.data.temporal_split:log_summary:43 - Test  : 2016-04-25 to 2016-05-22 (28 days, 28 rows)
2026-09-15 22:37:56.314 | INFO     | src.data.dataset:split_data:119 - Features: 191 (9 categóricas)
2026-09-15 22:37:56.331 | INFO     | src.evaluation.reports:evaluate_predictions:58 - Seasonal naive (1d) [Naive] | WAPE: 16.71% | WRMSSE: 1.3011  | fit: 0.00s
2026-09-15 22:37:56.344 | INFO     | src.evaluation.reports:evaluate_predictions:58 - Seasonal naive (7d) [Naive] | WAPE: 12.32% | WRMSSE: 1.0032  | fit: 0.00s
2026-09-15 22:37:56.357 | INFO     | src.evaluation.reports:evaluate_predictions:58 - Seasonal naive (28d) [Naive] | WAPE: 10.65% | WRMSSE: 0.8999  | fit: 0.00s
2026-09-15 22:37:56.370 | INFO     | src.evaluation.reports:evaluate_predictions:58 - Seasonal naive (364d) [Naive] | WAPE: 9.99% | WRMSSE: 0.8860  | fit: 0.00s
2026-09-15 22:37:56.387 | INFO     | src.evaluation.reports:evaluate_predictions:58 -             Drift [Naive] | WAPE: 18.13% | WRMSSE: 1.4182  | fit: 0.01s
2026-09-15 22:37:56.399 | INFO     | src.evaluation.reports:evaluate_predictions:58 -   Historical mean [Naive] | WAPE: 17.35% | WRMSSE: 1.5712  | fit: 0.00s
2026-09-15 22:37:56.411 | INFO     | src.evaluation.reports:evaluate_predictions:58 - Moving average (7d) [Naive] | WAPE: 14.41% | WRMSSE: 1.3504  | fit: 0.00s
2026-09-15 22:37:56.423 | INFO     | src.evaluation.reports:evaluate_predictions:58 - Moving average (14d) [Naive] | WAPE: 13.81% | WRMSSE: 1.2940  | fit: 0.00s
2026-09-15 22:37:56.435 | INFO     | src.evaluation.reports:evaluate_predictions:58 - Moving average (21d) [Naive] | WAPE: 13.18% | WRMSSE: 1.2238  | fit: 0.00s
2026-09-15 22:37:56.447 | INFO     | src.evaluation.reports:evaluate_predictions:58 - Moving average (28d) [Naive] | WAPE: 13.00% | WRMSSE: 1.1991  | fit: 0.00s
2026-09-15 22:37:56.458 | INFO     | src.evaluation.reports:evaluate_predictions:58 - Moving average (35d) [Naive] | WAPE: 13.32% | WRMSSE: 1.2419  | fit: 0.00s
2026-09-15 22:37:56.459 | INFO     | scripts.train_dataset.pipeline:run_pipeline:51 - Fase naive: 0.1s
2026-09-15 22:37:58.481 | INFO     | src.evaluation.reports:evaluate_predictions:58 -      SARIMA [Statistical] | WAPE: 13.00% | WRMSSE: 1.0594  | fit: 2.01s
2026-09-15 22:37:59.786 | INFO     | src.evaluation.reports:evaluate_predictions:58 - ETS (Holt-Winters) [Statistical] | WAPE: 9.39% | WRMSSE: 0.8180  | fit: 1.29s
2026-09-15 22:38:01.009 | INFO     | src.evaluation.reports:evaluate_predictions:58 -       Theta [Statistical] | WAPE: 9.31% | WRMSSE: 0.8198  | fit: 1.21s
2026-09-15 22:38:07.063 | INFO     | src.evaluation.reports:evaluate_predictions:58 -       TBATS [Statistical] | WAPE: 10.57% | WRMSSE: 0.9065  | fit: 6.04s
2026-09-15 22:38:08.677 | INFO     | src.evaluation.reports:evaluate_predictions:58 -     Prophet [Statistical] | WAPE: 11.09% | WRMSSE: 0.9232  | fit: 1.60s
2026-09-15 22:38:08.677 | INFO     | scripts.train_dataset.pipeline:run_pipeline:56 - Fase estadísticos clásicos: 12.2s
2026-09-15 22:38:08.677 | INFO     | scripts.train_dataset.benchmarking:run_bench_ml:67 - Bench ML: familia 1/5 -- lightgbm
2026-09-15 22:38:09.523 | INFO     | src.evaluation.reports:evaluate_predictions:58 -     lightgbm (bench) [ML] | WAPE: 10.81% | WRMSSE: 0.9297  | fit: 0.83s
2026-09-15 22:38:09.523 | INFO     | scripts.train_dataset.benchmarking:run_bench_ml:67 - Bench ML: familia 2/5 -- xgboost
2026-09-15 22:38:10.126 | INFO     | src.evaluation.reports:evaluate_predictions:58 -      xgboost (bench) [ML] | WAPE: 6.68% | WRMSSE: 0.6382  | fit: 0.58s
2026-09-15 22:38:10.126 | INFO     | scripts.train_dataset.benchmarking:run_bench_ml:67 - Bench ML: familia 3/5 -- catboost
2026-09-15 22:38:10.688 | INFO     | src.evaluation.reports:evaluate_predictions:58 -     catboost (bench) [ML] | WAPE: 16.00% | WRMSSE: 1.3554  | fit: 0.54s
2026-09-15 22:38:10.688 | INFO     | scripts.train_dataset.benchmarking:run_bench_ml:67 - Bench ML: familia 4/5 -- histgb
2026-09-15 22:38:13.364 | INFO     | src.evaluation.reports:evaluate_predictions:58 -       histgb (bench) [ML] | WAPE: 6.55% | WRMSSE: 0.6129  | fit: 2.64s
2026-09-15 22:38:13.365 | INFO     | scripts.train_dataset.benchmarking:run_bench_ml:67 - Bench ML: familia 5/5 -- ridge
2026-09-15 22:38:13.423 | INFO     | src.evaluation.reports:evaluate_predictions:58 -        ridge (bench) [ML] | WAPE: 8.89% | WRMSSE: 0.7973  | fit: 0.03s
2026-09-15 22:38:13.423 | SUCCESS  | scripts.train_dataset.benchmarking:pick_winner:94 - Modelo ganador (bench, 4 familias tree-based comparadas): histgb | regression_l2=3506.6055
2026-09-15 22:38:13.423 | INFO     | scripts.train_dataset.pipeline:run_pipeline:62 - Fase bench ML (5 familias, sin Optuna): 4.7s
2026-09-15 22:38:19.820 | INFO     | scripts.train_dataset.refinement:select_features:95 - Top 10 permutation importance (histgb):
lag364                     856.230405
lag28                      624.793744
te_weekend_mean            278.539726
lag182                     243.668138
day                        217.978001
dayofweek                  203.988522
lag21                      120.639036
days_since_thanksgiving     78.974265
lag7                        63.162894
lag35                       32.076840
dtype: float64
2026-09-15 22:38:22.734 | INFO     | src.modeling.feature_selection:backward_feature_selection:139 - Baseline (191 features): regression_l2=3506.6055 | WRMSSE=0.6129 (informativo)
2026-09-15 22:38:26.241 | WARNING  | src.modeling.feature_selection:try_remove:162 - ELIMINADA(S) 8 features ['lag2', 'avg_sell_price', 'lag5', 'rolling_std_lag28_window_size91', 'price_vs_mean', 'rolling_std_lag91_window_size91', 'rolling_std_lag4_window_size7', 'lag16'] -> 183 features | regression_l2=3401.1993 | WRMSSE=0.5945
2026-09-15 22:38:29.965 | WARNING  | src.modeling.feature_selection:try_remove:162 - ELIMINADA(S) 8 features ['rolling_std_lag2_window_size7', 'rolling_min_lag28_window_size7', 'adi_expanding', 'rolling_max_lag6_window_size7', 'rolling_max_lag364_window_size91', 'rolling_max_lag3_window_size7', 'rolling_std_lag6_window_size7', 'rolling_mean_lag364_window_size28'] -> 175 features | regression_l2=3394.5320 | WRMSSE=0.5933
2026-09-15 22:38:30.938 | WARNING  | src.modeling.feature_selection:try_remove:162 - ELIMINADA(S) 8 features ['rolling_std_lag2_window_size14', 'rolling_max_lag6_window_size14', 'days_since_newyear', 'rolling_min_lag3_window_size14', 'lag6', 'lag24', 'lag10', 'rolling_max_lag2_window_size14'] -> 167 features | regression_l2=3243.1413 | WRMSSE=0.5668
2026-09-15 22:39:06.633 | WARNING  | src.modeling.feature_selection:try_remove:162 - ELIMINADA(S) 'dow_cos' -> 166 features | regression_l2=3220.8047 | WRMSSE=0.5629
2026-09-15 22:40:06.151 | WARNING  | src.modeling.feature_selection:try_remove:162 - ELIMINADA(S) 8 features ['month', 'rolling_mean_lag364_window_size91', 'te_item_std', 'rolling_mean_lag3_window_size14', 'rolling_mean_lag1_window_size21', 'days_since_price_change', 'te_dept_std', 'is_likely_stockout'] -> 158 features | regression_l2=3213.0250 | WRMSSE=0.5616
2026-09-15 22:40:13.152 | WARNING  | src.modeling.feature_selection:try_remove:162 - ELIMINADA(S) 'is_month_start' -> 157 features | regression_l2=3213.0250 | WRMSSE=0.5616
2026-09-15 22:40:17.678 | WARNING  | src.modeling.feature_selection:try_remove:162 - ELIMINADA(S) 'is_weekend' -> 156 features | regression_l2=3213.0250 | WRMSSE=0.5616
2026-09-15 22:40:20.378 | WARNING  | src.modeling.feature_selection:try_remove:162 - ELIMINADA(S) 'quarter' -> 155 features | regression_l2=3203.2357 | WRMSSE=0.5599
2026-09-15 22:40:25.881 | WARNING  | src.modeling.feature_selection:try_remove:162 - ELIMINADA(S) 'pct_zero_28' -> 154 features | regression_l2=3203.2357 | WRMSSE=0.5599
2026-09-15 22:40:32.639 | WARNING  | src.modeling.feature_selection:try_remove:162 - ELIMINADA(S) 'event_type_2_enc' -> 153 features | regression_l2=3203.2357 | WRMSSE=0.5599
2026-09-15 22:40:38.007 | WARNING  | src.modeling.feature_selection:try_remove:162 - ELIMINADA(S) 'is_store_closed' -> 152 features | regression_l2=3203.2357 | WRMSSE=0.5599
2026-09-15 22:40:40.924 | WARNING  | src.modeling.feature_selection:try_remove:162 - ELIMINADA(S) 'pct_zero_90' -> 151 features | regression_l2=3200.2322 | WRMSSE=0.5593
2026-09-15 22:40:43.840 | WARNING  | src.modeling.feature_selection:try_remove:162 - ELIMINADA(S) 'zero_streak' -> 150 features | regression_l2=3200.2322 | WRMSSE=0.5593
2026-09-15 22:40:49.486 | WARNING  | src.modeling.feature_selection:try_remove:162 - ELIMINADA(S) 'has_event_2' -> 149 features | regression_l2=3200.2322 | WRMSSE=0.5593
2026-09-15 22:40:51.547 | WARNING  | src.modeling.feature_selection:try_remove:162 - ELIMINADA(S) 'dept_id' -> 148 features | regression_l2=3200.2322 | WRMSSE=0.5593
2026-09-15 22:40:54.457 | WARNING  | src.modeling.feature_selection:try_remove:162 - ELIMINADA(S) 'state_id' -> 147 features | regression_l2=3200.2322 | WRMSSE=0.5593
2026-09-15 22:40:57.375 | WARNING  | src.modeling.feature_selection:try_remove:162 - ELIMINADA(S) 'item_id' -> 146 features | regression_l2=3200.2322 | WRMSSE=0.5593
2026-09-15 22:41:02.391 | WARNING  | src.modeling.feature_selection:try_remove:162 - ELIMINADA(S) 'snap' -> 145 features | regression_l2=3200.2322 | WRMSSE=0.5593
2026-09-15 22:41:04.488 | WARNING  | src.modeling.feature_selection:try_remove:162 - ELIMINADA(S) 'event_name_2' -> 144 features | regression_l2=3200.2322 | WRMSSE=0.5593
2026-09-15 22:41:07.400 | WARNING  | src.modeling.feature_selection:try_remove:162 - ELIMINADA(S) 'event_name_1' -> 143 features | regression_l2=3200.2322 | WRMSSE=0.5593
2026-09-15 22:41:10.278 | WARNING  | src.modeling.feature_selection:try_remove:162 - ELIMINADA(S) 'event_type_2' -> 142 features | regression_l2=3200.2322 | WRMSSE=0.5593
2026-09-15 22:41:13.124 | WARNING  | src.modeling.feature_selection:try_remove:162 - ELIMINADA(S) 'cat_id' -> 141 features | regression_l2=3200.2322 | WRMSSE=0.5593
2026-09-15 22:41:15.975 | WARNING  | src.modeling.feature_selection:try_remove:162 - ELIMINADA(S) 'te_cat_mean' -> 140 features | regression_l2=3200.2322 | WRMSSE=0.5593
2026-09-15 22:41:21.065 | WARNING  | src.modeling.feature_selection:try_remove:162 - ELIMINADA(S) 'te_dept_mean' -> 139 features | regression_l2=3200.2322 | WRMSSE=0.5593
2026-09-15 22:41:26.147 | WARNING  | src.modeling.feature_selection:try_remove:162 - ELIMINADA(S) 'store_id' -> 138 features | regression_l2=3200.2322 | WRMSSE=0.5593
2026-09-15 22:41:28.136 | WARNING  | src.modeling.feature_selection:try_remove:162 - ELIMINADA(S) 'has_event' -> 137 features | regression_l2=3200.2322 | WRMSSE=0.5593
2026-09-15 22:42:02.434 | WARNING  | src.modeling.feature_selection:try_remove:162 - ELIMINADA(S) 'seasonal_mean_lag364_7_8' -> 136 features | regression_l2=3154.9092 | WRMSSE=0.5514
2026-09-15 22:43:09.672 | WARNING  | src.modeling.feature_selection:try_remove:162 - ELIMINADA(S) 'rolling_min_lag7_window_size14' -> 135 features | regression_l2=3154.1408 | WRMSSE=0.5513
2026-09-15 22:43:12.162 | WARNING  | src.modeling.feature_selection:try_remove:162 - ELIMINADA(S) 'rolling_std_lag28_window_size7' -> 134 features | regression_l2=3117.4347 | WRMSSE=0.5449
2026-09-15 22:43:37.591 | WARNING  | src.modeling.feature_selection:try_remove:162 - ELIMINADA(S) 'event_type_1_enc' -> 133 features | regression_l2=3111.8834 | WRMSSE=0.5439
2026-09-15 22:46:31.493 | WARNING  | src.modeling.feature_selection:try_remove:162 - ELIMINADA(S) 'year' -> 132 features | regression_l2=3111.8834 | WRMSSE=0.5439
2026-09-15 22:46:43.425 | WARNING  | src.modeling.feature_selection:try_remove:162 - ELIMINADA(S) 'days_to_closure' -> 131 features | regression_l2=3077.8042 | WRMSSE=0.5379
2026-09-15 22:55:42.375 | INFO     | src.modeling.feature_selection:backward_feature_selection:189 - Seleccionadas 131/191 features | regression_l2 final: 3077.8042 | WRMSSE final: 0.5379
2026-09-15 22:55:42.408 | INFO     | scripts.train_dataset.refinement:select_features:114 - Features descartadas (60): ['adi_expanding', 'avg_sell_price', 'cat_id', 'days_since_newyear', 'days_since_price_change', 'days_to_closure', 'dept_id', 'dow_cos', 'event_name_1', 'event_name_2', 'event_type_1_enc', 'event_type_2', 'event_type_2_enc', 'has_event', 'has_event_2', 'is_likely_stockout', 'is_month_start', 'is_store_closed', 'is_weekend', 'item_id', 'lag10', 'lag16', 'lag2', 'lag24', 'lag5', 'lag6', 'month', 'pct_zero_28', 'pct_zero_90', 'price_vs_mean', 'quarter', 'rolling_max_lag2_window_size14', 'rolling_max_lag364_window_size91', 'rolling_max_lag3_window_size7', 'rolling_max_lag6_window_size14', 'rolling_max_lag6_window_size7', 'rolling_mean_lag1_window_size21', 'rolling_mean_lag364_window_size28', 'rolling_mean_lag364_window_size91', 'rolling_mean_lag3_window_size14', 'rolling_min_lag28_window_size7', 'rolling_min_lag3_window_size14', 'rolling_min_lag7_window_size14', 'rolling_std_lag28_window_size7', 'rolling_std_lag28_window_size91', 'rolling_std_lag2_window_size14', 'rolling_std_lag2_window_size7', 'rolling_std_lag4_window_size7', 'rolling_std_lag6_window_size7', 'rolling_std_lag91_window_size91', 'seasonal_mean_lag364_7_8', 'snap', 'state_id', 'store_id', 'te_cat_mean', 'te_dept_mean', 'te_dept_std', 'te_item_std', 'year', 'zero_streak']
2026-09-15 22:55:42.421 | INFO     | scripts.train_dataset.refinement:select_features:127 - Features finales: 131 (1 categóricas) | regression_l2=3077.8042 | WRMSSE=0.5379 (informativo)
2026-09-15 22:55:42.421 | INFO     | scripts.train_dataset.pipeline:run_pipeline:74 - Fase selección de features: 1049.0s
2026-09-15 22:55:47.381 | INFO     | src.evaluation.reports:evaluate_predictions:58 - histgb (bench, selected features) [ML] | WAPE: 5.70% | WRMSSE: 0.5379  | fit: 4.81s
2026-09-15 22:55:48.564 | INFO     | scripts.train_dataset.refinement:run_shap:183 - SHAP (histgb): feature más importante = lag28 | plots guardados en /home/njimenez/Workspace/magister/forecast-tfm/artifacts/plots
2026-09-15 22:55:48.565 | INFO     | scripts.train_dataset.pipeline:run_pipeline:79 - Fase SHAP: 6.1s
2026-09-15 22:55:49.141 | INFO     | scripts.train_dataset.refinement:tune_optuna_family:60 - [histgb] Optuna arrancando: hasta 100 trials (timeout 900s) -- study 'study_level_01_daily_total_sales_final_histgb'
2026-09-15 22:57:47.045 | INFO     | scripts.train_dataset.refinement:tune_optuna_family:70 - [histgb] Optuna terminó -- elige hiperparámetros por regression_l2 (no por WRMSSE): mejor regression_l2 = 3184.2026 | WRMSSE de ESE trial: 0.5565 (solo referencia, puede no ser el mínimo posible; el WRMSSE definitivo se reporta abajo, tras reentrenar con estos hiperparámetros)
2026-09-15 22:57:47.047 | INFO     | scripts.train_dataset.refinement:tune_optuna_family:76 - [histgb] Mejores hiperparámetros: {'learning_rate': 0.06416772559679612, 'max_leaf_nodes': 138, 'max_depth': 15, 'min_samples_leaf': 68, 'l2_regularization': 0.3257716745502584}
2026-09-15 22:57:47.048 | INFO     | scripts.train_dataset.pipeline:run_pipeline:85 - Fase Optuna final: 118.5s
2026-09-15 22:57:54.570 | INFO     | scripts.train_dataset.refinement:_cv_fit_and_score:220 - CV (1 folds) best_iteration: [1235] -> n_estimators = 1235
2026-09-15 22:57:55.820 | INFO     | scripts.train_dataset.refinement:_cv_fit_and_score:220 - CV (1 folds) best_iteration: [535] -> n_estimators = 535
2026-09-15 22:57:55.832 | WARNING  | scripts.train_dataset.refinement:fit_final_model:251 - Optuna no mejoró el default del bench en validación (regression_l2=3183.8058 tuned vs 3080.8088 default) -- se descarta el tuning, el modelo final usa hiperparámetros default.
2026-09-15 22:57:55.867 | INFO     | src.evaluation.reports:evaluate_predictions:58 - histgb (final, bench default) [ML] | WAPE: 5.70% | WRMSSE: 0.5385  | fit: 8.80s
2026-09-15 22:58:03.590 | INFO     | scripts.train_dataset.refinement:fit_final_model:276 - Test WAPE: 5.80% | Test WRMSSE: 0.5576
2026-09-15 22:58:04.056 | INFO     | scripts.train_dataset.benchmarking:save_model_comparison:115 - Comparación de modelos guardada en /home/njimenez/Workspace/magister/forecast-tfm/artifacts/results
2026-09-15 22:58:20.563 | SUCCESS  | scripts.train_dataset.export:export_artifact:115 - Artifact guardado en /home/njimenez/Workspace/magister/forecast-tfm/artifacts/models/level_01_daily_total_sales_artifact.pkl (modelo: histgb)
2026-09-15 22:58:20.807 | SUCCESS  | scripts.train_dataset.export:export_artifact:125 - Versión 20260916T015820Z registrada en registry.json
2026-09-15 22:58:20.808 | INFO     | scripts.train_dataset.pipeline:run_pipeline:93 - Pipeline completo (level_01_daily_total/sales) en 1224.7s
2026-09-15 22:58:20.943 | INFO     | src.data.dataset:load_data:58 - level_01_weekly_total | target=sales | 278 filas | 109 features (9 categóricas)
2026-09-15 22:58:20.946 | INFO     | src.data.temporal_split:log_summary:41 - Train : 2011-01-29 to 2015-04-20 (1,549 days, 222 rows)
2026-09-15 22:58:20.946 | INFO     | src.data.temporal_split:log_summary:42 - Valid : 2015-04-27 to 2016-04-18 (364 days, 52 rows)
2026-09-15 22:58:20.946 | INFO     | src.data.temporal_split:log_summary:43 - Test  : 2016-04-25 to 2016-05-16 (22 days, 4 rows)
2026-09-15 22:58:21.091 | INFO     | src.data.dataset:split_data:119 - Features: 109 (9 categóricas)
2026-09-15 22:58:21.102 | INFO     | src.evaluation.reports:evaluate_predictions:58 - Seasonal naive (1w) [Naive] | WAPE: 11.51% | WRMSSE: 0.7321  | fit: 0.00s
2026-09-15 22:58:21.112 | INFO     | src.evaluation.reports:evaluate_predictions:58 - Seasonal naive (4w) [Naive] | WAPE: 8.11% | WRMSSE: 0.5547  | fit: 0.00s
2026-09-15 22:58:21.121 | INFO     | src.evaluation.reports:evaluate_predictions:58 - Seasonal naive (52w) [Naive] | WAPE: 8.70% | WRMSSE: 0.5565  | fit: 0.00s
2026-09-15 22:58:21.132 | INFO     | src.evaluation.reports:evaluate_predictions:58 -             Drift [Naive] | WAPE: 5.46% | WRMSSE: 0.3884  | fit: 0.00s
2026-09-15 22:58:21.141 | INFO     | src.evaluation.reports:evaluate_predictions:58 -   Historical mean [Naive] | WAPE: 17.73% | WRMSSE: 1.0729  | fit: 0.00s
2026-09-15 22:58:21.150 | INFO     | src.evaluation.reports:evaluate_predictions:58 - Moving average (2w) [Naive] | WAPE: 10.17% | WRMSSE: 0.6577  | fit: 0.00s
2026-09-15 22:58:21.159 | INFO     | src.evaluation.reports:evaluate_predictions:58 - Moving average (3w) [Naive] | WAPE: 8.31% | WRMSSE: 0.5564  | fit: 0.00s
2026-09-15 22:58:21.167 | INFO     | src.evaluation.reports:evaluate_predictions:58 - Moving average (4w) [Naive] | WAPE: 7.59% | WRMSSE: 0.5176  | fit: 0.00s
2026-09-15 22:58:21.176 | INFO     | src.evaluation.reports:evaluate_predictions:58 - Moving average (6w) [Naive] | WAPE: 9.27% | WRMSSE: 0.6091  | fit: 0.00s
2026-09-15 22:58:21.185 | INFO     | src.evaluation.reports:evaluate_predictions:58 - Moving average (8w) [Naive] | WAPE: 8.39% | WRMSSE: 0.5612  | fit: 0.00s
2026-09-15 22:58:21.185 | INFO     | scripts.train_dataset.pipeline:run_pipeline:51 - Fase naive: 0.1s
2026-09-15 22:58:21.664 | INFO     | src.evaluation.reports:evaluate_predictions:58 -      SARIMA [Statistical] | WAPE: 8.84% | WRMSSE: 0.5705  | fit: 0.47s
2026-09-15 22:58:21.766 | INFO     | src.evaluation.reports:evaluate_predictions:58 - ETS (Holt-Winters) [Statistical] | WAPE: 4.41% | WRMSSE: 0.3367  | fit: 0.09s
2026-09-15 22:58:21.868 | INFO     | src.evaluation.reports:evaluate_predictions:58 -       Theta [Statistical] | WAPE: 5.49% | WRMSSE: 0.4292  | fit: 0.09s
2026-09-15 22:58:26.524 | INFO     | src.evaluation.reports:evaluate_predictions:58 -       TBATS [Statistical] | WAPE: 15.07% | WRMSSE: 1.0178  | fit: 4.65s
2026-09-15 22:58:26.738 | INFO     | src.evaluation.reports:evaluate_predictions:58 -     Prophet [Statistical] | WAPE: 7.86% | WRMSSE: 0.5728  | fit: 0.21s
2026-09-15 22:58:26.738 | INFO     | scripts.train_dataset.pipeline:run_pipeline:56 - Fase estadísticos clásicos: 5.6s
2026-09-15 22:58:26.738 | INFO     | scripts.train_dataset.benchmarking:run_bench_ml:67 - Bench ML: familia 1/5 -- lightgbm
2026-09-15 22:58:27.010 | INFO     | src.evaluation.reports:evaluate_predictions:58 -     lightgbm (bench) [ML] | WAPE: 8.52% | WRMSSE: 0.5918  | fit: 0.26s
2026-09-15 22:58:27.010 | INFO     | scripts.train_dataset.benchmarking:run_bench_ml:67 - Bench ML: familia 2/5 -- xgboost
2026-09-15 22:58:27.134 | INFO     | src.evaluation.reports:evaluate_predictions:58 -      xgboost (bench) [ML] | WAPE: 7.71% | WRMSSE: 0.5141  | fit: 0.11s
2026-09-15 22:58:27.134 | INFO     | scripts.train_dataset.benchmarking:run_bench_ml:67 - Bench ML: familia 3/5 -- catboost
2026-09-15 22:58:27.505 | INFO     | src.evaluation.reports:evaluate_predictions:58 -     catboost (bench) [ML] | WAPE: 10.54% | WRMSSE: 0.6706  | fit: 0.36s
2026-09-15 22:58:27.505 | INFO     | scripts.train_dataset.benchmarking:run_bench_ml:67 - Bench ML: familia 4/5 -- histgb
2026-09-15 22:58:27.620 | INFO     | src.evaluation.reports:evaluate_predictions:58 -       histgb (bench) [ML] | WAPE: 8.60% | WRMSSE: 0.5487  | fit: 0.10s
2026-09-15 22:58:27.620 | INFO     | scripts.train_dataset.benchmarking:run_bench_ml:67 - Bench ML: familia 5/5 -- ridge
2026-09-15 22:58:27.634 | INFO     | src.evaluation.reports:evaluate_predictions:58 -        ridge (bench) [ML] | WAPE: 6.41% | WRMSSE: 0.4761  | fit: 0.00s
2026-09-15 22:58:27.634 | SUCCESS  | scripts.train_dataset.benchmarking:pick_winner:94 - Modelo ganador (bench, 4 familias tree-based comparadas): xgboost | regression_l2=24646.4199
2026-09-15 22:58:27.634 | INFO     | scripts.train_dataset.pipeline:run_pipeline:62 - Fase bench ML (5 familias, sin Optuna): 0.9s
2026-09-15 22:58:27.638 | INFO     | scripts.train_dataset.refinement:select_features:88 - Top 10 gain importance (xgboost):
lag52                               3.333829e+09
lag4                                2.202010e+09
rolling_mean_lag4_window_size26     1.234923e+09
lag26                               3.173815e+08
days_since_thanksgiving             1.855305e+08
rolling_mean_lag13_window_size26    1.455583e+08
lag17                               1.276590e+08
rolling_max_lag1_window_size4       9.510091e+07
rolling_mean_lag52_window_size4     8.837895e+07
lag22                               7.875268e+07
dtype: float64
2026-09-15 22:58:28.099 | INFO     | scripts.train_dataset.refinement:select_features:95 - Top 10 permutation importance (xgboost):
lag52                              3507.187500
lag4                               1556.200781
event_name_1                       1382.025781
rolling_mean_lag4_window_size26     320.927344
cv2_90                              312.115625
price_vs_max                        300.563281
lag26                               273.774219
rolling_std_lag13_window_size13     225.553125
day                                 219.596094
days_since_thanksgiving              85.536719
dtype: float64
2026-09-15 22:58:28.364 | INFO     | src.modeling.feature_selection:backward_feature_selection:139 - Baseline (109 features): regression_l2=24646.4199 | WRMSSE=0.5141 (informativo)
2026-09-15 22:58:28.868 | WARNING  | src.modeling.feature_selection:try_remove:162 - ELIMINADA(S) 8 features ['lag2', 'rolling_std_lag13_window_size26', 'rolling_mean_lag52_window_size4', 'lag17', 'rolling_std_lag4_window_size13', 'avg_sell_price', 'price_volatility', 'rolling_std_lag4_window_size4'] -> 101 features | regression_l2=20669.0761 | WRMSSE=0.4311
2026-09-15 22:58:28.973 | WARNING  | src.modeling.feature_selection:try_remove:162 - ELIMINADA(S) 8 features ['lag8', 'adi_expanding', 'rolling_max_lag52_window_size4', 'lag39', 'days_to_newyear', 'rolling_std_lag1_window_size13', 'month_sin', 'lag1'] -> 93 features | regression_l2=20377.3883 | WRMSSE=0.4250
2026-09-15 22:58:29.243 | WARNING  | src.modeling.feature_selection:try_remove:162 - ELIMINADA(S) 8 features ['price_lag_1', 'rolling_max_lag4_window_size26', 'rolling_mean_lag13_window_size13', 'rolling_std_lag1_window_size4', 'te_event_mean', 'dow_sin', 'is_month_end', 'is_weekend'] -> 85 features | regression_l2=18397.5195 | WRMSSE=0.3837
2026-09-15 22:58:31.740 | WARNING  | src.modeling.feature_selection:try_remove:162 - ELIMINADA(S) 8 features ['dow_cos', 'event_name_2', 'has_event_2', 'item_id', 'state_id', 'event_type_1', 'cat_id', 'dept_id'] -> 77 features | regression_l2=18286.5130 | WRMSSE=0.3814
2026-09-15 22:58:32.111 | WARNING  | src.modeling.feature_selection:try_remove:162 - ELIMINADA(S) 8 features ['pct_zero_28', 'zero_streak', 'te_snap_mean', 'pct_zero_90', 'is_likely_stockout', 'te_cat_mean', 'te_cat_std', 'days_to_closure'] -> 69 features | regression_l2=18153.7039 | WRMSSE=0.3787
2026-09-15 22:58:34.956 | WARNING  | src.modeling.feature_selection:try_remove:162 - ELIMINADA(S) 'event_type_2_enc' -> 68 features | regression_l2=17951.5175 | WRMSSE=0.3744
2026-09-15 22:58:40.323 | WARNING  | src.modeling.feature_selection:try_remove:162 - ELIMINADA(S) 'is_store_closed' -> 67 features | regression_l2=17951.5175 | WRMSSE=0.3744
2026-09-15 22:58:47.175 | WARNING  | src.modeling.feature_selection:try_remove:162 - ELIMINADA(S) 'rolling_min_lag52_window_size13' -> 66 features | regression_l2=17906.9016 | WRMSSE=0.3735
2026-09-15 22:59:02.816 | WARNING  | src.modeling.feature_selection:try_remove:162 - ELIMINADA(S) 'is_month_start' -> 65 features | regression_l2=17906.9016 | WRMSSE=0.3735
2026-09-15 22:59:04.133 | WARNING  | src.modeling.feature_selection:try_remove:162 - ELIMINADA(S) 'te_dept_std' -> 64 features | regression_l2=17906.9016 | WRMSSE=0.3735
2026-09-15 22:59:05.922 | WARNING  | src.modeling.feature_selection:try_remove:162 - ELIMINADA(S) 'te_dept_mean' -> 63 features | regression_l2=17906.9016 | WRMSSE=0.3735
2026-09-15 22:59:12.671 | WARNING  | src.modeling.feature_selection:try_remove:162 - ELIMINADA(S) 'days_since_price_change' -> 62 features | regression_l2=17906.9016 | WRMSSE=0.3735
2026-09-15 22:59:19.958 | WARNING  | src.modeling.feature_selection:try_remove:162 - ELIMINADA(S) 'snap' -> 61 features | regression_l2=17906.9016 | WRMSSE=0.3735
2026-09-15 22:59:21.698 | WARNING  | src.modeling.feature_selection:try_remove:162 - ELIMINADA(S) 'dayofweek' -> 60 features | regression_l2=17906.9016 | WRMSSE=0.3735
2026-09-15 22:59:23.279 | WARNING  | src.modeling.feature_selection:try_remove:162 - ELIMINADA(S) 'quarter' -> 59 features | regression_l2=17906.9016 | WRMSSE=0.3735
2026-09-15 22:59:24.745 | WARNING  | src.modeling.feature_selection:try_remove:162 - ELIMINADA(S) 'year' -> 58 features | regression_l2=17905.0171 | WRMSSE=0.3735
2026-09-15 22:59:25.939 | WARNING  | src.modeling.feature_selection:try_remove:162 - ELIMINADA(S) 'store_id' -> 57 features | regression_l2=17905.0171 | WRMSSE=0.3735
2026-09-15 22:59:49.194 | WARNING  | src.modeling.feature_selection:try_remove:162 - ELIMINADA(S) 'has_event' -> 56 features | regression_l2=17888.5874 | WRMSSE=0.3731
2026-09-15 23:00:06.154 | WARNING  | src.modeling.feature_selection:try_remove:162 - ELIMINADA(S) 'rolling_mean_lag4_window_size4' -> 55 features | regression_l2=17581.4317 | WRMSSE=0.3667
2026-09-15 23:00:54.580 | WARNING  | src.modeling.feature_selection:try_remove:162 - ELIMINADA(S) 'event_type_2' -> 54 features | regression_l2=17564.8412 | WRMSSE=0.3664
2026-09-15 23:00:59.782 | WARNING  | src.modeling.feature_selection:try_remove:162 - ELIMINADA(S) 'event_type_1_enc' -> 53 features | regression_l2=17530.3209 | WRMSSE=0.3656
2026-09-15 23:01:13.143 | WARNING  | src.modeling.feature_selection:try_remove:162 - ELIMINADA(S) 'rolling_min_lag4_window_size26' -> 52 features | regression_l2=17514.9726 | WRMSSE=0.3653
2026-09-15 23:04:32.911 | INFO     | src.modeling.feature_selection:backward_feature_selection:189 - Seleccionadas 52/109 features | regression_l2 final: 17514.9726 | WRMSSE final: 0.3653
2026-09-15 23:04:32.912 | INFO     | scripts.train_dataset.refinement:select_features:114 - Features descartadas (57): ['adi_expanding', 'avg_sell_price', 'cat_id', 'dayofweek', 'days_since_price_change', 'days_to_closure', 'days_to_newyear', 'dept_id', 'dow_cos', 'dow_sin', 'event_name_2', 'event_type_1', 'event_type_1_enc', 'event_type_2', 'event_type_2_enc', 'has_event', 'has_event_2', 'is_likely_stockout', 'is_month_end', 'is_month_start', 'is_store_closed', 'is_weekend', 'item_id', 'lag1', 'lag17', 'lag2', 'lag39', 'lag8', 'month_sin', 'pct_zero_28', 'pct_zero_90', 'price_lag_1', 'price_volatility', 'quarter', 'rolling_max_lag4_window_size26', 'rolling_max_lag52_window_size4', 'rolling_mean_lag13_window_size13', 'rolling_mean_lag4_window_size4', 'rolling_mean_lag52_window_size4', 'rolling_min_lag4_window_size26', 'rolling_min_lag52_window_size13', 'rolling_std_lag13_window_size26', 'rolling_std_lag1_window_size13', 'rolling_std_lag1_window_size4', 'rolling_std_lag4_window_size13', 'rolling_std_lag4_window_size4', 'snap', 'state_id', 'store_id', 'te_cat_mean', 'te_cat_std', 'te_dept_mean', 'te_dept_std', 'te_event_mean', 'te_snap_mean', 'year', 'zero_streak']
2026-09-15 23:04:32.916 | INFO     | scripts.train_dataset.refinement:select_features:127 - Features finales: 52 (1 categóricas) | regression_l2=17514.9726 | WRMSSE=0.3653 (informativo)
2026-09-15 23:04:32.917 | INFO     | scripts.train_dataset.pipeline:run_pipeline:74 - Fase selección de features: 365.3s
2026-09-15 23:04:35.306 | INFO     | src.evaluation.reports:evaluate_predictions:58 - xgboost (bench, selected features) [ML] | WAPE: 5.26% | WRMSSE: 0.3653  | fit: 2.38s
2026-09-15 23:04:36.096 | INFO     | scripts.train_dataset.refinement:run_shap:183 - SHAP (xgboost): feature más importante = lag4 | plots guardados en /home/njimenez/Workspace/magister/forecast-tfm/artifacts/plots
2026-09-15 23:04:36.097 | INFO     | scripts.train_dataset.pipeline:run_pipeline:79 - Fase SHAP: 3.2s
2026-09-15 23:04:36.127 | INFO     | scripts.train_dataset.refinement:tune_optuna_family:60 - [xgboost] Optuna arrancando: hasta 100 trials (timeout 900s) -- study 'study_level_01_weekly_total_sales_final_xgboost'
2026-09-15 23:05:46.693 | INFO     | scripts.train_dataset.refinement:tune_optuna_family:70 - [xgboost] Optuna terminó -- elige hiperparámetros por regression_l2 (no por WRMSSE): mejor regression_l2 = 17173.9370 | WRMSSE de ESE trial: 0.3582 (solo referencia, puede no ser el mínimo posible; el WRMSSE definitivo se reporta abajo, tras reentrenar con estos hiperparámetros)
2026-09-15 23:05:46.694 | INFO     | scripts.train_dataset.refinement:tune_optuna_family:76 - [xgboost] Mejores hiperparámetros: {'learning_rate': 0.14893808791473856, 'max_depth': 3, 'min_child_weight': 1.6779265453400318, 'subsample': 0.9526131839576284, 'colsample_bytree': 0.9742459578687933, 'reg_alpha': 0.08316319411524002, 'reg_lambda': 0.06658305487229087}
2026-09-15 23:05:46.695 | INFO     | scripts.train_dataset.pipeline:run_pipeline:85 - Fase Optuna final: 70.6s
2026-09-15 23:05:51.531 | INFO     | scripts.train_dataset.refinement:_cv_fit_and_score:220 - CV (1 folds) best_iteration: [1485] -> n_estimators = 1485
2026-09-15 23:05:51.646 | INFO     | scripts.train_dataset.refinement:_cv_fit_and_score:220 - CV (1 folds) best_iteration: [101] -> n_estimators = 101
2026-09-15 23:05:51.661 | INFO     | src.evaluation.reports:evaluate_predictions:58 - xgboost (final, Optuna) [ML] | WAPE: 5.26% | WRMSSE: 0.3582  | fit: 4.96s
2026-09-15 23:05:51.854 | INFO     | scripts.train_dataset.refinement:fit_final_model:276 - Test WAPE: 5.93% | Test WRMSSE: 0.4510
2026-09-15 23:05:52.241 | INFO     | scripts.train_dataset.benchmarking:save_model_comparison:115 - Comparación de modelos guardada en /home/njimenez/Workspace/magister/forecast-tfm/artifacts/results
2026-09-15 23:05:52.267 | SUCCESS  | scripts.train_dataset.export:export_artifact:115 - Artifact guardado en /home/njimenez/Workspace/magister/forecast-tfm/artifacts/models/level_01_weekly_total_sales_artifact.pkl (modelo: xgboost)
2026-09-15 23:05:52.284 | SUCCESS  | scripts.train_dataset.export:export_artifact:125 - Versión 20260916T020552Z registrada en registry.json
2026-09-15 23:05:52.285 | INFO     | scripts.train_dataset.pipeline:run_pipeline:93 - Pipeline completo (level_01_weekly_total/sales) en 451.4s
2026-09-15 23:05:52.443 | INFO     | src.data.dataset:load_data:58 - level_02_daily_state | target=sales | 5,823 filas | 191 features (9 categóricas)
2026-09-15 23:05:52.446 | INFO     | src.data.temporal_split:log_summary:41 - Train : 2011-01-29 to 2015-04-26 (1,549 days, 4,647 rows)
2026-09-15 23:05:52.446 | INFO     | src.data.temporal_split:log_summary:42 - Valid : 2015-04-27 to 2016-04-24 (364 days, 1,092 rows)
2026-09-15 23:05:52.446 | INFO     | src.data.temporal_split:log_summary:43 - Test  : 2016-04-25 to 2016-05-22 (28 days, 84 rows)
2026-09-15 23:05:52.597 | INFO     | src.data.dataset:split_data:119 - Features: 191 (9 categóricas)
2026-09-15 23:05:52.618 | INFO     | src.evaluation.reports:evaluate_predictions:58 - Seasonal naive (1d) [Naive] | WAPE: 18.23% | WRMSSE: 1.3327  | fit: 0.00s
2026-09-15 23:05:52.637 | INFO     | src.evaluation.reports:evaluate_predictions:58 - Seasonal naive (7d) [Naive] | WAPE: 13.01% | WRMSSE: 0.9807  | fit: 0.00s
2026-09-15 23:05:52.655 | INFO     | src.evaluation.reports:evaluate_predictions:58 - Seasonal naive (28d) [Naive] | WAPE: 12.37% | WRMSSE: 0.9550  | fit: 0.00s
2026-09-15 23:05:52.674 | INFO     | src.evaluation.reports:evaluate_predictions:58 - Seasonal naive (364d) [Naive] | WAPE: 11.00% | WRMSSE: 0.9000  | fit: 0.00s
2026-09-15 23:05:52.693 | INFO     | src.evaluation.reports:evaluate_predictions:58 -             Drift [Naive] | WAPE: 19.64% | WRMSSE: 1.4373  | fit: 0.00s
2026-09-15 23:05:52.709 | INFO     | src.evaluation.reports:evaluate_predictions:58 -   Historical mean [Naive] | WAPE: 18.04% | WRMSSE: 1.4880  | fit: 0.00s
2026-09-15 23:05:52.725 | INFO     | src.evaluation.reports:evaluate_predictions:58 - Moving average (7d) [Naive] | WAPE: 15.44% | WRMSSE: 1.3024  | fit: 0.00s
2026-09-15 23:05:52.741 | INFO     | src.evaluation.reports:evaluate_predictions:58 - Moving average (14d) [Naive] | WAPE: 14.85% | WRMSSE: 1.2611  | fit: 0.00s
2026-09-15 23:05:52.757 | INFO     | src.evaluation.reports:evaluate_predictions:58 - Moving average (21d) [Naive] | WAPE: 14.33% | WRMSSE: 1.2089  | fit: 0.00s
2026-09-15 23:05:52.773 | INFO     | src.evaluation.reports:evaluate_predictions:58 - Moving average (28d) [Naive] | WAPE: 14.19% | WRMSSE: 1.1877  | fit: 0.00s
2026-09-15 23:05:52.789 | INFO     | src.evaluation.reports:evaluate_predictions:58 - Moving average (35d) [Naive] | WAPE: 14.44% | WRMSSE: 1.2190  | fit: 0.00s
2026-09-15 23:05:52.789 | INFO     | scripts.train_dataset.pipeline:run_pipeline:51 - Fase naive: 0.2s
2026-09-15 23:05:54.561 | INFO     | src.evaluation.reports:evaluate_predictions:58 -      SARIMA [Statistical] | WAPE: 13.62% | WRMSSE: 1.0265  | fit: 1.75s
2026-09-15 23:05:55.900 | INFO     | src.evaluation.reports:evaluate_predictions:58 - ETS (Holt-Winters) [Statistical] | WAPE: 10.67% | WRMSSE: 0.8417  | fit: 1.32s
2026-09-15 23:05:57.163 | INFO     | src.evaluation.reports:evaluate_predictions:58 -       Theta [Statistical] | WAPE: 10.36% | WRMSSE: 0.8352  | fit: 1.24s
2026-09-15 23:06:03.453 | INFO     | src.evaluation.reports:evaluate_predictions:58 -       TBATS [Statistical] | WAPE: 11.55% | WRMSSE: 0.8989  | fit: 6.27s
2026-09-15 23:06:05.000 | INFO     | src.evaluation.reports:evaluate_predictions:58 -     Prophet [Statistical] | WAPE: 11.67% | WRMSSE: 0.9087  | fit: 1.52s
2026-09-15 23:06:05.000 | INFO     | scripts.train_dataset.pipeline:run_pipeline:56 - Fase estadísticos clásicos: 12.2s
2026-09-15 23:06:05.000 | INFO     | scripts.train_dataset.benchmarking:run_bench_ml:67 - Bench ML: familia 1/5 -- lightgbm
2026-09-15 23:06:09.502 | INFO     | src.evaluation.reports:evaluate_predictions:58 -     lightgbm (bench) [ML] | WAPE: 10.95% | WRMSSE: 0.8635  | fit: 4.48s
2026-09-15 23:06:09.502 | INFO     | scripts.train_dataset.benchmarking:run_bench_ml:67 - Bench ML: familia 2/5 -- xgboost
2026-09-15 23:06:11.065 | INFO     | src.evaluation.reports:evaluate_predictions:58 -      xgboost (bench) [ML] | WAPE: 8.75% | WRMSSE: 0.7579  | fit: 1.54s
2026-09-15 23:06:11.066 | INFO     | scripts.train_dataset.benchmarking:run_bench_ml:67 - Bench ML: familia 3/5 -- catboost
2026-09-15 23:06:11.357 | INFO     | src.evaluation.reports:evaluate_predictions:58 -     catboost (bench) [ML] | WAPE: 20.41% | WRMSSE: 1.5502  | fit: 0.27s
2026-09-15 23:06:11.357 | INFO     | scripts.train_dataset.benchmarking:run_bench_ml:67 - Bench ML: familia 4/5 -- histgb
2026-09-15 23:06:16.000 | INFO     | src.evaluation.reports:evaluate_predictions:58 -       histgb (bench) [ML] | WAPE: 10.46% | WRMSSE: 0.8326  | fit: 4.61s
2026-09-15 23:06:16.000 | INFO     | scripts.train_dataset.benchmarking:run_bench_ml:67 - Bench ML: familia 5/5 -- ridge
2026-09-15 23:06:16.066 | INFO     | src.evaluation.reports:evaluate_predictions:58 -        ridge (bench) [ML] | WAPE: 15.67% | WRMSSE: 1.2407  | fit: 0.05s
2026-09-15 23:06:16.066 | SUCCESS  | scripts.train_dataset.benchmarking:pick_winner:94 - Modelo ganador (bench, 4 familias tree-based comparadas): xgboost | regression_l2=1703.3754
2026-09-15 23:06:16.067 | INFO     | scripts.train_dataset.pipeline:run_pipeline:62 - Fase bench ML (5 familias, sin Optuna): 11.1s
2026-09-15 23:06:16.068 | INFO     | scripts.train_dataset.refinement:select_features:88 - Top 10 gain importance (xgboost):
te_weekend_mean                   331506400.0
lag28                             156064128.0
lag7                               90273720.0
rolling_mean_lag2_window_size7     45465812.0
rolling_mean_lag3_window_size7     29946916.0
lag91                              24903424.0
snap                               18643550.0
lag364                             14486077.0
lag1                               12494010.0
te_snap_mean                        9278912.0
dtype: float64
2026-09-15 23:06:18.020 | INFO     | scripts.train_dataset.refinement:select_features:95 - Top 10 permutation importance (xgboost):
lag28                               751.643555
te_weekend_mean                     432.245117
lag364                              311.175977
event_name_1                        159.910449
lag7                                 93.674658
dayofweek                            90.580029
lag91                                84.800415
snap                                 73.843408
rolling_mean_lag28_window_size28     73.170850
seasonal_mean_lag364_364_2           69.739868
dtype: float64
2026-09-15 23:06:19.656 | INFO     | src.modeling.feature_selection:backward_feature_selection:139 - Baseline (191 features): regression_l2=1703.3754 | WRMSSE=0.7579 (informativo)
2026-09-15 23:06:23.907 | WARNING  | src.modeling.feature_selection:try_remove:162 - ELIMINADA(S) 'lag13' -> 190 features | regression_l2=1674.2669 | WRMSSE=0.7545
2026-09-15 23:06:52.797 | WARNING  | src.modeling.feature_selection:try_remove:162 - ELIMINADA(S) 'expanding_mean_lag91' -> 189 features | regression_l2=1673.6966 | WRMSSE=0.7547
2026-09-15 23:07:18.767 | WARNING  | src.modeling.feature_selection:try_remove:162 - ELIMINADA(S) 'te_item_mean' -> 188 features | regression_l2=1673.6966 | WRMSSE=0.7547
2026-09-15 23:07:35.645 | WARNING  | src.modeling.feature_selection:try_remove:162 - ELIMINADA(S) 'rolling_min_lag2_window_size7' -> 187 features | regression_l2=1671.5805 | WRMSSE=0.7544
2026-09-15 23:07:39.534 | WARNING  | src.modeling.feature_selection:try_remove:162 - ELIMINADA(S) 'rolling_std_lag1_window_size35' -> 186 features | regression_l2=1576.5371 | WRMSSE=0.7228
2026-09-15 23:07:49.576 | WARNING  | src.modeling.feature_selection:try_remove:162 - ELIMINADA(S) 'days_since_price_change' -> 185 features | regression_l2=1576.5371 | WRMSSE=0.7228
2026-09-15 23:07:51.366 | WARNING  | src.modeling.feature_selection:try_remove:162 - ELIMINADA(S) 'te_cat_std' -> 184 features | regression_l2=1576.5371 | WRMSSE=0.7228
2026-09-15 23:07:53.229 | WARNING  | src.modeling.feature_selection:try_remove:162 - ELIMINADA(S) 'te_dept_std' -> 183 features | regression_l2=1576.5371 | WRMSSE=0.7228
2026-09-15 23:07:54.997 | WARNING  | src.modeling.feature_selection:try_remove:162 - ELIMINADA(S) 'pct_zero_90' -> 182 features | regression_l2=1576.5371 | WRMSSE=0.7228
2026-09-15 23:07:56.743 | WARNING  | src.modeling.feature_selection:try_remove:162 - ELIMINADA(S) 'is_likely_stockout' -> 181 features | regression_l2=1576.5371 | WRMSSE=0.7228
2026-09-15 23:07:58.485 | WARNING  | src.modeling.feature_selection:try_remove:162 - ELIMINADA(S) 'is_store_closed' -> 180 features | regression_l2=1576.5371 | WRMSSE=0.7228
2026-09-15 23:08:00.218 | WARNING  | src.modeling.feature_selection:try_remove:162 - ELIMINADA(S) 'te_dept_mean' -> 179 features | regression_l2=1576.5371 | WRMSSE=0.7228
2026-09-15 23:08:03.347 | WARNING  | src.modeling.feature_selection:try_remove:162 - ELIMINADA(S) 'event_type_1_enc' -> 178 features | regression_l2=1576.5371 | WRMSSE=0.7228
2026-09-15 23:08:08.881 | WARNING  | src.modeling.feature_selection:try_remove:162 - ELIMINADA(S) 'is_weekend' -> 177 features | regression_l2=1576.5371 | WRMSSE=0.7228
2026-09-15 23:08:10.403 | WARNING  | src.modeling.feature_selection:try_remove:162 - ELIMINADA(S) 'quarter' -> 176 features | regression_l2=1576.5371 | WRMSSE=0.7228
2026-09-15 23:08:11.839 | WARNING  | src.modeling.feature_selection:try_remove:162 - ELIMINADA(S) 'cat_id' -> 175 features | regression_l2=1576.5371 | WRMSSE=0.7228
2026-09-15 23:08:13.454 | WARNING  | src.modeling.feature_selection:try_remove:162 - ELIMINADA(S) 'item_id' -> 174 features | regression_l2=1576.5371 | WRMSSE=0.7228
2026-09-15 23:08:16.578 | WARNING  | src.modeling.feature_selection:try_remove:162 - ELIMINADA(S) 'year' -> 173 features | regression_l2=1576.5371 | WRMSSE=0.7228
2026-09-15 23:08:18.162 | WARNING  | src.modeling.feature_selection:try_remove:162 - ELIMINADA(S) 'event_type_2_enc' -> 172 features | regression_l2=1576.5371 | WRMSSE=0.7228
2026-09-15 23:08:20.876 | WARNING  | src.modeling.feature_selection:try_remove:162 - ELIMINADA(S) 'is_month_start' -> 171 features | regression_l2=1576.5371 | WRMSSE=0.7228
2026-09-15 23:08:22.433 | WARNING  | src.modeling.feature_selection:try_remove:162 - ELIMINADA(S) 'pct_zero_28' -> 170 features | regression_l2=1576.5371 | WRMSSE=0.7228
2026-09-15 23:08:24.054 | WARNING  | src.modeling.feature_selection:try_remove:162 - ELIMINADA(S) 'event_type_2' -> 169 features | regression_l2=1576.5371 | WRMSSE=0.7228
2026-09-15 23:08:25.484 | WARNING  | src.modeling.feature_selection:try_remove:162 - ELIMINADA(S) 'has_event_2' -> 168 features | regression_l2=1576.5371 | WRMSSE=0.7228
2026-09-15 23:08:26.989 | WARNING  | src.modeling.feature_selection:try_remove:162 - ELIMINADA(S) 'store_id' -> 167 features | regression_l2=1576.5371 | WRMSSE=0.7228
2026-09-15 23:08:29.742 | WARNING  | src.modeling.feature_selection:try_remove:162 - ELIMINADA(S) 'event_name_2' -> 166 features | regression_l2=1576.5371 | WRMSSE=0.7228
2026-09-15 23:08:31.275 | WARNING  | src.modeling.feature_selection:try_remove:162 - ELIMINADA(S) 'dept_id' -> 165 features | regression_l2=1576.5371 | WRMSSE=0.7228
2026-09-15 23:08:47.202 | WARNING  | src.modeling.feature_selection:try_remove:162 - ELIMINADA(S) 'rolling_mean_lag5_window_size14' -> 164 features | regression_l2=1573.5948 | WRMSSE=0.7186
2026-09-15 23:09:01.957 | WARNING  | src.modeling.feature_selection:try_remove:162 - ELIMINADA(S) 'has_event' -> 163 features | regression_l2=1573.5948 | WRMSSE=0.7186
2026-09-15 23:09:04.316 | WARNING  | src.modeling.feature_selection:try_remove:162 - ELIMINADA(S) 'is_month_end' -> 162 features | regression_l2=1557.6770 | WRMSSE=0.7120
2026-09-15 23:10:39.350 | WARNING  | src.modeling.feature_selection:try_remove:162 - ELIMINADA(S) 'lag1' -> 161 features | regression_l2=1533.9005 | WRMSSE=0.6829
2026-09-15 23:10:41.506 | WARNING  | src.modeling.feature_selection:try_remove:162 - ELIMINADA(S) 'rolling_std_lag28_window_size91' -> 160 features | regression_l2=1517.0082 | WRMSSE=0.6870
2026-09-15 23:10:43.346 | WARNING  | src.modeling.feature_selection:try_remove:162 - ELIMINADA(S) 'lag21' -> 159 features | regression_l2=1471.6781 | WRMSSE=0.6718
2026-09-15 23:10:48.213 | WARNING  | src.modeling.feature_selection:try_remove:162 - ELIMINADA(S) 'lag35' -> 158 features | regression_l2=1297.6651 | WRMSSE=0.6114
2026-09-15 23:11:12.451 | WARNING  | src.modeling.feature_selection:try_remove:162 - ELIMINADA(S) 'rolling_max_lag91_window_size28' -> 157 features | regression_l2=1297.0895 | WRMSSE=0.6068
2026-09-15 23:11:32.981 | WARNING  | src.modeling.feature_selection:try_remove:162 - ELIMINADA(S) 'rolling_mean_lag28_window_size7' -> 156 features | regression_l2=1283.3332 | WRMSSE=0.5936
2026-09-15 23:12:41.326 | WARNING  | src.modeling.feature_selection:try_remove:162 - ELIMINADA(S) 'rolling_max_lag4_window_size14' -> 155 features | regression_l2=1247.3417 | WRMSSE=0.5803
2026-09-15 23:20:01.866 | INFO     | src.modeling.feature_selection:backward_feature_selection:189 - Seleccionadas 155/191 features | regression_l2 final: 1247.3417 | WRMSSE final: 0.5803
2026-09-15 23:20:01.867 | INFO     | scripts.train_dataset.refinement:select_features:114 - Features descartadas (36): ['cat_id', 'days_since_price_change', 'dept_id', 'event_name_2', 'event_type_1_enc', 'event_type_2', 'event_type_2_enc', 'expanding_mean_lag91', 'has_event', 'has_event_2', 'is_likely_stockout', 'is_month_end', 'is_month_start', 'is_store_closed', 'is_weekend', 'item_id', 'lag1', 'lag13', 'lag21', 'lag35', 'pct_zero_28', 'pct_zero_90', 'quarter', 'rolling_max_lag4_window_size14', 'rolling_max_lag91_window_size28', 'rolling_mean_lag28_window_size7', 'rolling_mean_lag5_window_size14', 'rolling_min_lag2_window_size7', 'rolling_std_lag1_window_size35', 'rolling_std_lag28_window_size91', 'store_id', 'te_cat_std', 'te_dept_mean', 'te_dept_std', 'te_item_mean', 'year']
2026-09-15 23:20:01.872 | INFO     | scripts.train_dataset.refinement:select_features:127 - Features finales: 155 (3 categóricas) | regression_l2=1247.3417 | WRMSSE=0.5803 (informativo)
2026-09-15 23:20:01.872 | INFO     | scripts.train_dataset.pipeline:run_pipeline:74 - Fase selección de features: 825.8s
2026-09-15 23:20:06.119 | INFO     | src.evaluation.reports:evaluate_predictions:58 - xgboost (bench, selected features) [ML] | WAPE: 6.77% | WRMSSE: 0.5791  | fit: 4.22s
2026-09-15 23:20:06.922 | INFO     | scripts.train_dataset.refinement:run_shap:183 - SHAP (xgboost): feature más importante = lag28 | plots guardados en /home/njimenez/Workspace/magister/forecast-tfm/artifacts/plots
2026-09-15 23:20:06.924 | INFO     | scripts.train_dataset.pipeline:run_pipeline:79 - Fase SHAP: 5.1s
2026-09-15 23:20:06.951 | INFO     | scripts.train_dataset.refinement:tune_optuna_family:60 - [xgboost] Optuna arrancando: hasta 100 trials (timeout 900s) -- study 'study_level_02_daily_state_sales_final_xgboost'
2026-09-15 23:27:56.915 | INFO     | scripts.train_dataset.refinement:tune_optuna_family:70 - [xgboost] Optuna terminó -- elige hiperparámetros por regression_l2 (no por WRMSSE): mejor regression_l2 = 1356.7612 | WRMSSE de ESE trial: 0.6343 (solo referencia, puede no ser el mínimo posible; el WRMSSE definitivo se reporta abajo, tras reentrenar con estos hiperparámetros)
2026-09-15 23:27:56.917 | INFO     | scripts.train_dataset.refinement:tune_optuna_family:76 - [xgboost] Mejores hiperparámetros: {'learning_rate': 0.07411107110021814, 'max_depth': 9, 'min_child_weight': 9.67350808003218, 'subsample': 0.7854749238968955, 'colsample_bytree': 0.9550460448838972, 'reg_alpha': 0.0040061656495010995, 'reg_lambda': 0.23305742952741318}
2026-09-15 23:27:56.919 | INFO     | scripts.train_dataset.pipeline:run_pipeline:85 - Fase Optuna final: 470.0s
2026-09-15 23:28:00.318 | INFO     | scripts.train_dataset.refinement:_cv_fit_and_score:220 - CV (1 folds) best_iteration: [347] -> n_estimators = 347
2026-09-15 23:28:05.196 | INFO     | scripts.train_dataset.refinement:_cv_fit_and_score:220 - CV (1 folds) best_iteration: [297] -> n_estimators = 297
2026-09-15 23:28:05.205 | WARNING  | scripts.train_dataset.refinement:fit_final_model:251 - Optuna no mejoró el default del bench en validación (regression_l2=1356.7612 tuned vs 1243.6393 default) -- se descarta el tuning, el modelo final usa hiperparámetros default.
2026-09-15 23:28:05.229 | INFO     | src.evaluation.reports:evaluate_predictions:58 - xgboost (final, bench default) [ML] | WAPE: 6.77% | WRMSSE: 0.5791  | fit: 8.29s
2026-09-15 23:28:08.811 | INFO     | scripts.train_dataset.refinement:fit_final_model:276 - Test WAPE: 7.78% | Test WRMSSE: 0.6882
2026-09-15 23:28:09.488 | INFO     | scripts.train_dataset.benchmarking:save_model_comparison:115 - Comparación de modelos guardada en /home/njimenez/Workspace/magister/forecast-tfm/artifacts/results
2026-09-15 23:28:09.577 | SUCCESS  | scripts.train_dataset.export:export_artifact:115 - Artifact guardado en /home/njimenez/Workspace/magister/forecast-tfm/artifacts/models/level_02_daily_state_sales_artifact.pkl (modelo: xgboost)
2026-09-15 23:28:09.630 | SUCCESS  | scripts.train_dataset.export:export_artifact:125 - Versión 20260916T022809Z registrada en registry.json
2026-09-15 23:28:09.630 | INFO     | scripts.train_dataset.pipeline:run_pipeline:93 - Pipeline completo (level_02_daily_state/sales) en 1337.2s
2026-09-15 23:28:09.774 | INFO     | src.data.dataset:load_data:58 - level_02_weekly_state | target=sales | 834 filas | 109 features (9 categóricas)
2026-09-15 23:28:09.776 | INFO     | src.data.temporal_split:log_summary:41 - Train : 2011-01-29 to 2015-04-20 (1,549 days, 666 rows)
2026-09-15 23:28:09.776 | INFO     | src.data.temporal_split:log_summary:42 - Valid : 2015-04-27 to 2016-04-18 (364 days, 156 rows)
2026-09-15 23:28:09.777 | INFO     | src.data.temporal_split:log_summary:43 - Test  : 2016-04-25 to 2016-05-16 (22 days, 12 rows)
2026-09-15 23:28:09.923 | INFO     | src.data.dataset:split_data:119 - Features: 109 (9 categóricas)
2026-09-15 23:28:09.938 | INFO     | src.evaluation.reports:evaluate_predictions:58 - Seasonal naive (1w) [Naive] | WAPE: 11.69% | WRMSSE: 0.7309  | fit: 0.00s
2026-09-15 23:28:09.950 | INFO     | src.evaluation.reports:evaluate_predictions:58 - Seasonal naive (4w) [Naive] | WAPE: 9.39% | WRMSSE: 0.6107  | fit: 0.00s
2026-09-15 23:28:09.963 | INFO     | src.evaluation.reports:evaluate_predictions:58 - Seasonal naive (52w) [Naive] | WAPE: 8.96% | WRMSSE: 0.5633  | fit: 0.00s
2026-09-15 23:28:09.976 | INFO     | src.evaluation.reports:evaluate_predictions:58 -             Drift [Naive] | WAPE: 7.35% | WRMSSE: 0.4900  | fit: 0.00s
2026-09-15 23:28:09.987 | INFO     | src.evaluation.reports:evaluate_predictions:58 -   Historical mean [Naive] | WAPE: 17.74% | WRMSSE: 1.0541  | fit: 0.00s
2026-09-15 23:28:09.998 | INFO     | src.evaluation.reports:evaluate_predictions:58 - Moving average (2w) [Naive] | WAPE: 10.71% | WRMSSE: 0.6785  | fit: 0.00s
2026-09-15 23:28:10.010 | INFO     | src.evaluation.reports:evaluate_predictions:58 - Moving average (3w) [Naive] | WAPE: 9.35% | WRMSSE: 0.6005  | fit: 0.00s
2026-09-15 23:28:10.021 | INFO     | src.evaluation.reports:evaluate_predictions:58 - Moving average (4w) [Naive] | WAPE: 8.72% | WRMSSE: 0.5651  | fit: 0.00s
2026-09-15 23:28:10.032 | INFO     | src.evaluation.reports:evaluate_predictions:58 - Moving average (6w) [Naive] | WAPE: 9.98% | WRMSSE: 0.6343  | fit: 0.00s
2026-09-15 23:28:10.044 | INFO     | src.evaluation.reports:evaluate_predictions:58 - Moving average (8w) [Naive] | WAPE: 9.27% | WRMSSE: 0.5964  | fit: 0.00s
2026-09-15 23:28:10.044 | INFO     | scripts.train_dataset.pipeline:run_pipeline:51 - Fase naive: 0.1s
2026-09-15 23:28:11.747 | INFO     | src.evaluation.reports:evaluate_predictions:58 -      SARIMA [Statistical] | WAPE: 7.16% | WRMSSE: 0.4766  | fit: 1.69s
2026-09-15 23:28:12.992 | INFO     | src.evaluation.reports:evaluate_predictions:58 - ETS (Holt-Winters) [Statistical] | WAPE: 6.75% | WRMSSE: 0.4805  | fit: 1.23s
2026-09-15 23:28:14.229 | INFO     | src.evaluation.reports:evaluate_predictions:58 -       Theta [Statistical] | WAPE: 6.69% | WRMSSE: 0.4835  | fit: 1.22s
2026-09-15 23:28:20.156 | INFO     | src.evaluation.reports:evaluate_predictions:58 -       TBATS [Statistical] | WAPE: 11.58% | WRMSSE: 0.8130  | fit: 5.91s
2026-09-15 23:28:21.492 | INFO     | src.evaluation.reports:evaluate_predictions:58 -     Prophet [Statistical] | WAPE: 8.41% | WRMSSE: 0.5829  | fit: 1.32s
2026-09-15 23:28:21.492 | INFO     | scripts.train_dataset.pipeline:run_pipeline:56 - Fase estadísticos clásicos: 11.4s
2026-09-15 23:28:21.492 | INFO     | scripts.train_dataset.benchmarking:run_bench_ml:67 - Bench ML: familia 1/5 -- lightgbm
2026-09-15 23:28:21.975 | INFO     | src.evaluation.reports:evaluate_predictions:58 -     lightgbm (bench) [ML] | WAPE: 12.01% | WRMSSE: 0.7793  | fit: 0.47s
2026-09-15 23:28:21.976 | INFO     | scripts.train_dataset.benchmarking:run_bench_ml:67 - Bench ML: familia 2/5 -- xgboost
2026-09-15 23:28:22.204 | INFO     | src.evaluation.reports:evaluate_predictions:58 -      xgboost (bench) [ML] | WAPE: 10.57% | WRMSSE: 0.7001  | fit: 0.21s
2026-09-15 23:28:22.204 | INFO     | scripts.train_dataset.benchmarking:run_bench_ml:67 - Bench ML: familia 3/5 -- catboost
2026-09-15 23:28:22.560 | INFO     | src.evaluation.reports:evaluate_predictions:58 -     catboost (bench) [ML] | WAPE: 13.00% | WRMSSE: 0.8211  | fit: 0.34s
2026-09-15 23:28:22.561 | INFO     | scripts.train_dataset.benchmarking:run_bench_ml:67 - Bench ML: familia 4/5 -- histgb
2026-09-15 23:28:23.340 | INFO     | src.evaluation.reports:evaluate_predictions:58 -       histgb (bench) [ML] | WAPE: 10.03% | WRMSSE: 0.6499  | fit: 0.75s
2026-09-15 23:28:23.340 | INFO     | scripts.train_dataset.benchmarking:run_bench_ml:67 - Bench ML: familia 5/5 -- ridge
2026-09-15 23:28:23.358 | INFO     | src.evaluation.reports:evaluate_predictions:58 -        ridge (bench) [ML] | WAPE: 7.59% | WRMSSE: 0.6477  | fit: 0.01s
2026-09-15 23:28:23.358 | SUCCESS  | scripts.train_dataset.benchmarking:pick_winner:94 - Modelo ganador (bench, 4 familias tree-based comparadas): histgb | regression_l2=11925.5707
2026-09-15 23:28:23.358 | INFO     | scripts.train_dataset.pipeline:run_pipeline:62 - Fase bench ML (5 familias, sin Optuna): 1.9s
2026-09-15 23:28:25.160 | INFO     | scripts.train_dataset.refinement:select_features:95 - Top 10 permutation importance (histgb):
event_name_1                       4184.923834
lag4                               3394.197871
te_snap_mean                       1547.629592
expanding_mean_lag13               1500.103682
lag52                              1450.886554
rolling_min_lag52_window_size4      555.418461
lag13                               463.441552
days_since_newyear                  253.264824
rolling_mean_lag52_window_size4     252.508322
rolling_max_lag4_window_size4       235.706857
dtype: float64
2026-09-15 23:28:26.167 | INFO     | src.modeling.feature_selection:backward_feature_selection:139 - Baseline (109 features): regression_l2=11925.5707 | WRMSSE=0.6499 (informativo)
2026-09-15 23:28:27.660 | WARNING  | src.modeling.feature_selection:try_remove:162 - ELIMINADA(S) 8 features ['rolling_max_lag1_window_size4', 'rolling_mean_lag1_window_size13', 'te_event_mean', 'price_lag_1', 'rolling_min_lag1_window_size13', 'price_vs_max', 'rolling_mean_lag1_window_size4', 'rolling_min_lag1_window_size4'] -> 101 features | regression_l2=10416.3037 | WRMSSE=0.5882
2026-09-15 23:28:29.574 | WARNING  | src.modeling.feature_selection:try_remove:162 - ELIMINADA(S) 8 features ['event_type_1_enc', 'month_sin', 'rolling_max_lag4_window_size13', 'rolling_std_lag4_window_size13', 'rolling_mean_lag4_window_size13', 'days_since_thanksgiving', 'te_item_mean', 'rolling_mean_lag4_window_size26'] -> 93 features | regression_l2=9487.7724 | WRMSSE=0.5387
2026-09-15 23:28:31.799 | WARNING  | src.modeling.feature_selection:try_remove:162 - ELIMINADA(S) 'rolling_min_lag4_window_size4' -> 92 features | regression_l2=9449.7981 | WRMSSE=0.5425
2026-09-15 23:28:37.676 | WARNING  | src.modeling.feature_selection:try_remove:162 - ELIMINADA(S) 'month' -> 91 features | regression_l2=9264.6038 | WRMSSE=0.5326
2026-09-15 23:28:43.056 | WARNING  | src.modeling.feature_selection:try_remove:162 - ELIMINADA(S) 8 features ['days_to_event', 'dow_cos', 'year', 'dayofweek', 'is_weekend', 'item_id', 'cat_id', 'dept_id'] -> 83 features | regression_l2=9181.6610 | WRMSSE=0.5284
2026-09-15 23:28:47.445 | WARNING  | src.modeling.feature_selection:try_remove:162 - ELIMINADA(S) 'is_likely_stockout' -> 82 features | regression_l2=9181.6610 | WRMSSE=0.5284
2026-09-15 23:28:48.941 | WARNING  | src.modeling.feature_selection:try_remove:162 - ELIMINADA(S) 'te_cat_std' -> 81 features | regression_l2=9181.6610 | WRMSSE=0.5284
2026-09-15 23:28:50.331 | WARNING  | src.modeling.feature_selection:try_remove:162 - ELIMINADA(S) 'te_dept_std' -> 80 features | regression_l2=9181.6610 | WRMSSE=0.5284
2026-09-15 23:28:55.921 | WARNING  | src.modeling.feature_selection:try_remove:162 - ELIMINADA(S) 'zero_streak' -> 79 features | regression_l2=9181.6610 | WRMSSE=0.5284
2026-09-15 23:28:57.622 | WARNING  | src.modeling.feature_selection:try_remove:162 - ELIMINADA(S) 'is_store_closed' -> 78 features | regression_l2=9181.6610 | WRMSSE=0.5284
2026-09-15 23:28:59.985 | WARNING  | src.modeling.feature_selection:try_remove:162 - ELIMINADA(S) 'te_dept_mean' -> 77 features | regression_l2=9181.6610 | WRMSSE=0.5284
2026-09-15 23:29:01.490 | WARNING  | src.modeling.feature_selection:try_remove:162 - ELIMINADA(S) 8 features ['event_type_2_enc', 'days_since_price_change', 'days_to_closure', 'is_month_start', 'event_name_2', 'has_event_2', 'event_type_2', 'store_id'] -> 69 features | regression_l2=9181.6610 | WRMSSE=0.5284
2026-09-15 23:29:05.590 | WARNING  | src.modeling.feature_selection:try_remove:162 - ELIMINADA(S) 'dow_sin' -> 68 features | regression_l2=9181.6610 | WRMSSE=0.5284
2026-09-15 23:29:07.062 | WARNING  | src.modeling.feature_selection:try_remove:162 - ELIMINADA(S) 'has_event' -> 67 features | regression_l2=9138.3237 | WRMSSE=0.5274
2026-09-15 23:29:16.823 | WARNING  | src.modeling.feature_selection:try_remove:162 - ELIMINADA(S) 'rolling_std_lag52_window_size13' -> 66 features | regression_l2=9012.3489 | WRMSSE=0.5243
2026-09-15 23:29:33.260 | WARNING  | src.modeling.feature_selection:try_remove:162 - ELIMINADA(S) 'rolling_std_lag52_window_size4' -> 65 features | regression_l2=8948.2179 | WRMSSE=0.5100
2026-09-15 23:29:48.660 | WARNING  | src.modeling.feature_selection:try_remove:162 - ELIMINADA(S) 8 features ['adi_expanding', 'lag22', 'event_type_1', 'lag39', 'day', 'rolling_mean_lag52_window_size13', 'lag1', 'lag3'] -> 57 features | regression_l2=8125.2151 | WRMSSE=0.4551
2026-09-15 23:29:55.285 | WARNING  | src.modeling.feature_selection:try_remove:162 - ELIMINADA(S) 'rolling_max_lag4_window_size4' -> 56 features | regression_l2=7951.1467 | WRMSSE=0.4544
2026-09-15 23:30:13.170 | WARNING  | src.modeling.feature_selection:try_remove:162 - ELIMINADA(S) 'is_month_end' -> 55 features | regression_l2=7950.8549 | WRMSSE=0.4547
2026-09-15 23:30:18.582 | WARNING  | src.modeling.feature_selection:try_remove:162 - ELIMINADA(S) 'pct_zero_28' -> 54 features | regression_l2=7950.8549 | WRMSSE=0.4547
2026-09-15 23:32:23.694 | INFO     | src.modeling.feature_selection:backward_feature_selection:189 - Seleccionadas 54/109 features | regression_l2 final: 7950.8549 | WRMSSE final: 0.4547
2026-09-15 23:32:23.695 | INFO     | scripts.train_dataset.refinement:select_features:114 - Features descartadas (55): ['adi_expanding', 'cat_id', 'day', 'dayofweek', 'days_since_price_change', 'days_since_thanksgiving', 'days_to_closure', 'days_to_event', 'dept_id', 'dow_cos', 'dow_sin', 'event_name_2', 'event_type_1', 'event_type_1_enc', 'event_type_2', 'event_type_2_enc', 'has_event', 'has_event_2', 'is_likely_stockout', 'is_month_end', 'is_month_start', 'is_store_closed', 'is_weekend', 'item_id', 'lag1', 'lag22', 'lag3', 'lag39', 'month', 'month_sin', 'pct_zero_28', 'price_lag_1', 'price_vs_max', 'rolling_max_lag1_window_size4', 'rolling_max_lag4_window_size13', 'rolling_max_lag4_window_size4', 'rolling_mean_lag1_window_size13', 'rolling_mean_lag1_window_size4', 'rolling_mean_lag4_window_size13', 'rolling_mean_lag4_window_size26', 'rolling_mean_lag52_window_size13', 'rolling_min_lag1_window_size13', 'rolling_min_lag1_window_size4', 'rolling_min_lag4_window_size4', 'rolling_std_lag4_window_size13', 'rolling_std_lag52_window_size13', 'rolling_std_lag52_window_size4', 'store_id', 'te_cat_std', 'te_dept_mean', 'te_dept_std', 'te_event_mean', 'te_item_mean', 'year', 'zero_streak']
2026-09-15 23:32:23.698 | INFO     | scripts.train_dataset.refinement:select_features:127 - Features finales: 54 (2 categóricas) | regression_l2=7950.8549 | WRMSSE=0.4547 (informativo)
2026-09-15 23:32:23.698 | INFO     | scripts.train_dataset.pipeline:run_pipeline:74 - Fase selección de features: 240.3s
2026-09-15 23:32:26.591 | INFO     | src.evaluation.reports:evaluate_predictions:58 - histgb (bench, selected features) [ML] | WAPE: 7.08% | WRMSSE: 0.4574  | fit: 2.86s
2026-09-15 23:32:27.483 | INFO     | scripts.train_dataset.refinement:run_shap:183 - SHAP (histgb): feature más importante = state_id | plots guardados en /home/njimenez/Workspace/magister/forecast-tfm/artifacts/plots
2026-09-15 23:32:27.485 | INFO     | scripts.train_dataset.pipeline:run_pipeline:79 - Fase SHAP: 3.8s
2026-09-15 23:32:27.519 | INFO     | scripts.train_dataset.refinement:tune_optuna_family:60 - [histgb] Optuna arrancando: hasta 100 trials (timeout 900s) -- study 'study_level_02_weekly_state_sales_final_histgb'
