2026-09-11 20:20:36.588 | INFO     | __main__:main:82 - Perfil de entrenamiento: efficient
2026-09-11 20:20:36.682 | INFO     | src.data.dataset:load_data:58 - level_01_daily_total | target=sales | 1,941 filas | 191 features (9 categóricas)
2026-09-11 20:20:36.692 | INFO     | src.data.temporal_split:log_summary:41 - Train : 2011-01-29 to 2015-04-26 (1,549 days, 1,549 rows)
2026-09-11 20:20:36.693 | INFO     | src.data.temporal_split:log_summary:42 - Valid : 2015-04-27 to 2016-04-24 (364 days, 364 rows)
2026-09-11 20:20:36.694 | INFO     | src.data.temporal_split:log_summary:43 - Test  : 2016-04-25 to 2016-05-22 (28 days, 28 rows)
2026-09-11 20:20:36.965 | INFO     | src.data.dataset:split_data:119 - Features: 191 (9 categóricas)
2026-09-11 20:20:37.017 | INFO     | src.evaluation.reports:evaluate_predictions:58 - Seasonal naive (1d) [Naive] | WAPE: 16.71% | WRMSSE: 1.3011  | fit: 0.01s
2026-09-11 20:20:37.065 | INFO     | src.evaluation.reports:evaluate_predictions:58 - Seasonal naive (7d) [Naive] | WAPE: 12.32% | WRMSSE: 1.0032  | fit: 0.01s
2026-09-11 20:20:37.115 | INFO     | src.evaluation.reports:evaluate_predictions:58 - Seasonal naive (28d) [Naive] | WAPE: 10.65% | WRMSSE: 0.8999  | fit: 0.01s
2026-09-11 20:20:37.160 | INFO     | src.evaluation.reports:evaluate_predictions:58 - Seasonal naive (364d) [Naive] | WAPE: 9.99% | WRMSSE: 0.8860  | fit: 0.01s
2026-09-11 20:20:37.213 | INFO     | src.evaluation.reports:evaluate_predictions:58 -             Drift [Naive] | WAPE: 18.13% | WRMSSE: 1.4182  | fit: 0.02s
2026-09-11 20:20:37.257 | INFO     | src.evaluation.reports:evaluate_predictions:58 -   Historical mean [Naive] | WAPE: 17.35% | WRMSSE: 1.5712  | fit: 0.01s
2026-09-11 20:20:37.298 | INFO     | src.evaluation.reports:evaluate_predictions:58 - Moving average (7d) [Naive] | WAPE: 14.41% | WRMSSE: 1.3504  | fit: 0.00s
2026-09-11 20:20:37.339 | INFO     | src.evaluation.reports:evaluate_predictions:58 - Moving average (14d) [Naive] | WAPE: 13.81% | WRMSSE: 1.2940  | fit: 0.00s
2026-09-11 20:20:37.379 | INFO     | src.evaluation.reports:evaluate_predictions:58 - Moving average (21d) [Naive] | WAPE: 13.18% | WRMSSE: 1.2238  | fit: 0.00s
2026-09-11 20:20:37.420 | INFO     | src.evaluation.reports:evaluate_predictions:58 - Moving average (28d) [Naive] | WAPE: 13.00% | WRMSSE: 1.1991  | fit: 0.00s
2026-09-11 20:20:37.459 | INFO     | src.evaluation.reports:evaluate_predictions:58 - Moving average (35d) [Naive] | WAPE: 13.32% | WRMSSE: 1.2419  | fit: 0.00s
2026-09-11 20:20:37.460 | INFO     | scripts.train_dataset.pipeline:run_pipeline:51 - Fase naive: 0.5s
2026-09-11 20:20:46.789 | INFO     | src.evaluation.reports:evaluate_predictions:58 -      SARIMA [Statistical] | WAPE: 13.00% | WRMSSE: 1.0594  | fit: 6.76s
2026-09-11 20:20:51.325 | INFO     | src.evaluation.reports:evaluate_predictions:58 - ETS (Holt-Winters) [Statistical] | WAPE: 9.39% | WRMSSE: 0.8180  | fit: 4.50s
2026-09-11 20:20:55.776 | INFO     | src.evaluation.reports:evaluate_predictions:58 -       Theta [Statistical] | WAPE: 9.31% | WRMSSE: 0.8198  | fit: 4.41s
2026-09-11 20:21:14.599 | INFO     | src.evaluation.reports:evaluate_predictions:58 -       TBATS [Statistical] | WAPE: 10.57% | WRMSSE: 0.9065  | fit: 18.79s
2026-09-11 20:21:22.364 | INFO     | src.evaluation.reports:evaluate_predictions:58 -     Prophet [Statistical] | WAPE: 11.09% | WRMSSE: 0.9232  | fit: 5.50s
2026-09-11 20:21:22.364 | INFO     | scripts.train_dataset.pipeline:run_pipeline:56 - Fase estadísticos clásicos: 40.2s
2026-09-11 20:21:22.365 | INFO     | scripts.train_dataset.benchmarking:run_bench_ml:67 - Bench ML: familia 1/5 -- lightgbm
2026-09-11 20:21:25.093 | INFO     | src.evaluation.reports:evaluate_predictions:58 -     lightgbm (bench) [ML] | WAPE: 10.81% | WRMSSE: 0.9297  | fit: 2.67s
2026-09-11 20:21:25.094 | INFO     | scripts.train_dataset.benchmarking:run_bench_ml:67 - Bench ML: familia 2/5 -- xgboost
2026-09-11 20:21:28.715 | INFO     | src.evaluation.reports:evaluate_predictions:58 -      xgboost (bench) [ML] | WAPE: 6.68% | WRMSSE: 0.6382  | fit: 3.55s
2026-09-11 20:21:28.715 | INFO     | scripts.train_dataset.benchmarking:run_bench_ml:67 - Bench ML: familia 3/5 -- catboost
2026-09-11 20:21:30.245 | INFO     | src.evaluation.reports:evaluate_predictions:58 -     catboost (bench) [ML] | WAPE: 16.00% | WRMSSE: 1.3554  | fit: 1.47s
2026-09-11 20:21:30.246 | INFO     | scripts.train_dataset.benchmarking:run_bench_ml:67 - Bench ML: familia 4/5 -- histgb
2026-09-11 20:21:36.585 | INFO     | src.evaluation.reports:evaluate_predictions:58 -       histgb (bench) [ML] | WAPE: 6.55% | WRMSSE: 0.6129  | fit: 6.27s
2026-09-11 20:21:36.586 | INFO     | scripts.train_dataset.benchmarking:run_bench_ml:67 - Bench ML: familia 5/5 -- ridge
2026-09-11 20:21:36.709 | INFO     | src.evaluation.reports:evaluate_predictions:58 -        ridge (bench) [ML] | WAPE: 8.89% | WRMSSE: 0.7973  | fit: 0.07s
2026-09-11 20:21:36.710 | SUCCESS  | scripts.train_dataset.benchmarking:pick_winner:94 - Modelo ganador (bench, 4 familias tree-based comparadas): histgb | regression_l2=3506.6055
2026-09-11 20:21:36.712 | INFO     | scripts.train_dataset.pipeline:run_pipeline:62 - Fase bench ML (5 familias, sin Optuna): 14.3s
2026-09-11 20:22:02.317 | INFO     | scripts.train_dataset.refinement:select_features:95 - Top 10 permutation importance (histgb):
lag364                     856.230405
lag28                      624.793744
te_weekend_mean            278.539726
lag182                     243.668138
day                        217.978001
dayofweek                  203.988522
lag21                      120.639036
days_since_thanksgiving     78.974265
lag7                        63.162894
lag35                       32.076840
dtype: float64
2026-09-11 20:22:07.840 | INFO     | src.modeling.feature_selection:backward_feature_selection:139 - Baseline (191 features): regression_l2=3506.6055 | WRMSSE=0.6129 (informativo)
2026-09-11 20:22:14.061 | WARNING  | src.modeling.feature_selection:try_remove:162 - ELIMINADA(S) 8 features ['lag2', 'avg_sell_price', 'lag5', 'rolling_std_lag28_window_size91', 'price_vs_mean', 'rolling_std_lag91_window_size91', 'rolling_std_lag4_window_size7', 'lag16'] -> 183 features | regression_l2=3401.1993 | WRMSSE=0.5945
2026-09-11 20:22:20.395 | WARNING  | src.modeling.feature_selection:try_remove:162 - ELIMINADA(S) 8 features ['rolling_std_lag2_window_size7', 'rolling_min_lag28_window_size7', 'adi_expanding', 'rolling_max_lag6_window_size7', 'rolling_max_lag364_window_size91', 'rolling_max_lag3_window_size7', 'rolling_std_lag6_window_size7', 'rolling_mean_lag364_window_size28'] -> 175 features | regression_l2=3394.5320 | WRMSSE=0.5933
2026-09-11 20:22:22.298 | WARNING  | src.modeling.feature_selection:try_remove:162 - ELIMINADA(S) 8 features ['rolling_std_lag2_window_size14', 'rolling_max_lag6_window_size14', 'days_since_newyear', 'rolling_min_lag3_window_size14', 'lag6', 'lag24', 'lag10', 'rolling_max_lag2_window_size14'] -> 167 features | regression_l2=3243.1413 | WRMSSE=0.5668
2026-09-11 20:23:44.866 | WARNING  | src.modeling.feature_selection:try_remove:162 - ELIMINADA(S) 'dow_cos' -> 166 features | regression_l2=3220.8047 | WRMSSE=0.5629
