2026-09-08 22:29:37.471 | INFO     | __main__:main:721 - Perfil de entrenamiento: efficient
2026-09-08 22:29:37.598 | INFO     | src.data.split:load_data:364 - level_01_daily_total | target=sales | 1,941 filas | 191 features (9 categóricas)
2026-09-08 22:29:37.608 | INFO     | src.data.split:log_summary:48 - Train : 2011-01-29 to 2015-04-26 (1,549 days, 1,549 rows)
2026-09-08 22:29:37.609 | INFO     | src.data.split:log_summary:49 - Valid : 2015-04-27 to 2016-04-24 (364 days, 364 rows)
2026-09-08 22:29:37.609 | INFO     | src.data.split:log_summary:50 - Test  : 2016-04-25 to 2016-05-22 (28 days, 28 rows)
2026-09-08 22:29:37.845 | INFO     | src.data.split:split_data:447 - Features: 191 (9 categóricas)
2026-09-08 22:29:37.881 | INFO     | src.evaluation.reports:evaluate_predictions:58 - Seasonal naive (1d) [Naive] | WAPE: 16.71% | WRMSSE: 1.3011  | fit: 0.01s
2026-09-08 22:29:37.916 | INFO     | src.evaluation.reports:evaluate_predictions:58 - Seasonal naive (7d) [Naive] | WAPE: 12.32% | WRMSSE: 1.0032  | fit: 0.01s
2026-09-08 22:29:37.952 | INFO     | src.evaluation.reports:evaluate_predictions:58 - Seasonal naive (28d) [Naive] | WAPE: 10.65% | WRMSSE: 0.8999  | fit: 0.01s
2026-09-08 22:29:37.986 | INFO     | src.evaluation.reports:evaluate_predictions:58 - Seasonal naive (364d) [Naive] | WAPE: 9.99% | WRMSSE: 0.8860  | fit: 0.01s
2026-09-08 22:29:38.025 | INFO     | src.evaluation.reports:evaluate_predictions:58 -             Drift [Naive] | WAPE: 18.13% | WRMSSE: 1.4182  | fit: 0.01s
2026-09-08 22:29:38.057 | INFO     | src.evaluation.reports:evaluate_predictions:58 -   Historical mean [Naive] | WAPE: 17.35% | WRMSSE: 1.5712  | fit: 0.00s
2026-09-08 22:29:38.087 | INFO     | src.evaluation.reports:evaluate_predictions:58 - Moving average (7d) [Naive] | WAPE: 14.41% | WRMSSE: 1.3504  | fit: 0.00s
2026-09-08 22:29:38.118 | INFO     | src.evaluation.reports:evaluate_predictions:58 - Moving average (14d) [Naive] | WAPE: 13.81% | WRMSSE: 1.2940  | fit: 0.00s
2026-09-08 22:29:38.149 | INFO     | src.evaluation.reports:evaluate_predictions:58 - Moving average (21d) [Naive] | WAPE: 13.18% | WRMSSE: 1.2238  | fit: 0.00s
2026-09-08 22:29:38.179 | INFO     | src.evaluation.reports:evaluate_predictions:58 - Moving average (28d) [Naive] | WAPE: 13.00% | WRMSSE: 1.1991  | fit: 0.00s
2026-09-08 22:29:38.210 | INFO     | src.evaluation.reports:evaluate_predictions:58 - Moving average (35d) [Naive] | WAPE: 13.32% | WRMSSE: 1.2419  | fit: 0.00s
2026-09-08 22:29:38.210 | INFO     | __main__:run_pipeline:652 - Fase naive: 0.4s
2026-09-08 22:29:44.066 | INFO     | src.evaluation.reports:evaluate_predictions:58 -      SARIMA [Statistical] | WAPE: 13.00% | WRMSSE: 1.0594  | fit: 5.80s
2026-09-08 22:29:47.692 | INFO     | src.evaluation.reports:evaluate_predictions:58 - ETS (Holt-Winters) [Statistical] | WAPE: 9.39% | WRMSSE: 0.8179  | fit: 3.59s
2026-09-08 22:29:51.085 | INFO     | src.evaluation.reports:evaluate_predictions:58 -       Theta [Statistical] | WAPE: 9.31% | WRMSSE: 0.8198  | fit: 3.36s
2026-09-08 22:30:09.671 | INFO     | src.evaluation.reports:evaluate_predictions:58 -       TBATS [Statistical] | WAPE: 10.57% | WRMSSE: 0.9065  | fit: 18.51s
2026-09-08 22:30:11.158 | INFO     | src.evaluation.reports:evaluate_predictions:58 -     Prophet [Statistical] | WAPE: 11.10% | WRMSSE: 0.9237  | fit: 1.44s
2026-09-08 22:30:11.158 | INFO     | __main__:run_pipeline:657 - Fase estadísticos clásicos: 32.9s
2026-09-08 22:30:11.159 | INFO     | __main__:run_bench_ml:342 - Bench ML: familia 1/5 -- lightgbm
2026-09-08 22:30:13.215 | INFO     | __main__:tune_optuna_family:311 - [lightgbm] Optuna arrancando: hasta 30 trials (timeout 60s) -- study 'study_level_01_daily_total_sales_bench_lightgbm'
2026-09-08 22:31:13.608 | INFO     | __main__:tune_optuna_family:321 - [lightgbm] Optuna terminó -- elige hiperparámetros por regression_l2 (no por WRMSSE): mejor regression_l2 = 3944.6157 | WRMSSE de ESE trial: 0.6894 (solo referencia, puede no ser el mínimo posible; el WRMSSE definitivo se reporta abajo, tras reentrenar con estos hiperparámetros)
2026-09-08 22:31:13.610 | INFO     | __main__:tune_optuna_family:327 - [lightgbm] Mejores hiperparámetros: {'learning_rate': 0.07893736353172352, 'num_leaves': 190, 'max_depth': 5, 'min_child_samples': 195, 'subsample': 0.9329770563201687, 'colsample_bytree': 0.6849356442713105, 'reg_alpha': 0.004705059281907645, 'reg_lambda': 0.004768785415482609}
2026-09-08 22:31:13.931 | INFO     | src.evaluation.reports:evaluate_predictions:58 - lightgbm (Optuna bench) [ML] | WAPE: 7.70% | WRMSSE: 0.7048  | fit: 62.74s
2026-09-08 22:31:13.931 | INFO     | __main__:run_bench_ml:342 - Bench ML: familia 2/5 -- xgboost
2026-09-08 22:31:13.987 | INFO     | __main__:tune_optuna_family:311 - [xgboost] Optuna arrancando: hasta 30 trials (timeout 60s) -- study 'study_level_01_daily_total_sales_bench_xgboost'
