2026-09-03 22:44:53.094 | INFO     | __main__:main:703 - Perfil de entrenamiento: optimized
2026-09-03 22:44:53.209 | INFO     | src.data.split:load_data:359 - level_01_daily_total | target=sales | 1,941 filas | 191 features (9 categóricas)
2026-09-03 22:44:53.222 | INFO     | src.data.split:log_summary:48 - Train : 2011-01-29 to 2016-03-27 (1,885 days, 1,885 rows)
2026-09-03 22:44:53.223 | INFO     | src.data.split:log_summary:49 - Valid : 2016-03-28 to 2016-04-24 (28 days, 28 rows)
2026-09-03 22:44:53.223 | INFO     | src.data.split:log_summary:50 - Test  : 2016-04-25 to 2016-05-22 (28 days, 28 rows)
2026-09-03 22:44:53.565 | INFO     | src.data.split:split_data:421 - Features: 191 (9 categóricas)
2026-09-03 22:44:53.615 | INFO     | src.evaluation.reports:evaluate_predictions:58 - Seasonal naive (1d) [Naive] | WAPE: 17.64% | WRMSSE: 1.3842  | fit: 0.01s
2026-09-03 22:44:53.662 | INFO     | src.evaluation.reports:evaluate_predictions:58 - Seasonal naive (7d) [Naive] | WAPE: 7.64% | WRMSSE: 0.6676  | fit: 0.01s
2026-09-03 22:44:53.708 | INFO     | src.evaluation.reports:evaluate_predictions:58 - Seasonal naive (28d) [Naive] | WAPE: 5.76% | WRMSSE: 0.5207  | fit: 0.01s
2026-09-03 22:44:53.760 | INFO     | src.evaluation.reports:evaluate_predictions:58 - Seasonal naive (364d) [Naive] | WAPE: 13.11% | WRMSSE: 1.0562  | fit: 0.01s
2026-09-03 22:44:53.813 | INFO     | src.evaluation.reports:evaluate_predictions:58 -             Drift [Naive] | WAPE: 17.72% | WRMSSE: 1.3922  | fit: 0.01s
2026-09-03 22:44:53.855 | INFO     | src.evaluation.reports:evaluate_predictions:58 -   Historical mean [Naive] | WAPE: 19.42% | WRMSSE: 1.8141  | fit: 0.00s
2026-09-03 22:44:53.896 | INFO     | src.evaluation.reports:evaluate_predictions:58 - Moving average (7d) [Naive] | WAPE: 13.74% | WRMSSE: 1.2164  | fit: 0.00s
2026-09-03 22:44:53.936 | INFO     | src.evaluation.reports:evaluate_predictions:58 - Moving average (14d) [Naive] | WAPE: 13.74% | WRMSSE: 1.2165  | fit: 0.00s
2026-09-03 22:44:53.968 | INFO     | src.evaluation.reports:evaluate_predictions:58 - Moving average (21d) [Naive] | WAPE: 13.92% | WRMSSE: 1.2046  | fit: 0.00s
2026-09-03 22:44:54.016 | INFO     | src.evaluation.reports:evaluate_predictions:58 - Moving average (28d) [Naive] | WAPE: 14.10% | WRMSSE: 1.2000  | fit: 0.01s
2026-09-03 22:44:54.063 | INFO     | src.evaluation.reports:evaluate_predictions:58 - Moving average (35d) [Naive] | WAPE: 13.89% | WRMSSE: 1.2062  | fit: 0.01s
2026-09-03 22:44:54.063 | INFO     | __main__:run_pipeline:638 - Fase naive: 0.5s
2026-09-03 22:45:03.121 | INFO     | src.evaluation.reports:evaluate_predictions:58 -      SARIMA [Statistical] | WAPE: 5.69% | WRMSSE: 0.5011  | fit: 8.98s
2026-09-03 22:45:09.031 | INFO     | src.evaluation.reports:evaluate_predictions:58 - ETS (Holt-Winters) [Statistical] | WAPE: 5.75% | WRMSSE: 0.5069  | fit: 5.84s
2026-09-03 22:45:14.111 | INFO     | src.evaluation.reports:evaluate_predictions:58 -       Theta [Statistical] | WAPE: 5.88% | WRMSSE: 0.5438  | fit: 5.04s
2026-09-03 22:45:29.233 | INFO     | src.evaluation.reports:evaluate_predictions:58 -       TBATS [Statistical] | WAPE: 6.03% | WRMSSE: 0.5429  | fit: 15.10s
2026-09-03 22:45:30.141 | INFO     | src.evaluation.reports:evaluate_predictions:58 -     Prophet [Statistical] | WAPE: 6.18% | WRMSSE: 0.5677  | fit: 0.87s
2026-09-03 22:45:30.142 | INFO     | __main__:run_pipeline:643 - Fase estadísticos clásicos: 36.1s
2026-09-03 22:45:30.143 | INFO     | __main__:run_bench_ml:338 - Bench ML: familia 1/5 -- lightgbm
2026-09-03 22:45:31.082 | INFO     | __main__:tune_optuna_family:307 - [lightgbm] Optuna arrancando: hasta 200 trials (timeout 300s) -- study 'study_level_01_daily_total_sales_bench_lightgbm'
2026-09-03 22:51:23.216 | INFO     | __main__:tune_optuna_family:317 - [lightgbm] Optuna terminó -- elige hiperparámetros por regression_l2 (no por WRMSSE): mejor regression_l2 = 2585.2574 | WRMSSE de ESE trial: 0.4372 (solo referencia, puede no ser el mínimo posible; el WRMSSE definitivo se reporta abajo, tras reentrenar con estos hiperparámetros)
2026-09-03 22:51:23.226 | INFO     | __main__:tune_optuna_family:323 - [lightgbm] Mejores hiperparámetros: {'learning_rate': 0.0649205647391632, 'num_leaves': 226, 'max_depth': 10, 'min_child_samples': 82, 'subsample': 0.9548417721027734, 'colsample_bytree': 0.9201355952424328, 'reg_alpha': 0.05579593442198899, 'reg_lambda': 0.3395383608810204}
2026-09-03 22:51:27.571 | INFO     | src.evaluation.reports:evaluate_predictions:58 - lightgbm (Optuna bench) [ML] | WAPE: 5.48% | WRMSSE: 0.5406  | fit: 357.40s
2026-09-03 22:51:27.572 | INFO     | __main__:run_bench_ml:338 - Bench ML: familia 2/5 -- xgboost
2026-09-03 22:51:27.881 | INFO     | __main__:tune_optuna_family:307 - [xgboost] Optuna arrancando: hasta 200 trials (timeout 300s) -- study 'study_level_01_daily_total_sales_bench_xgboost'
2026-09-03 22:56:29.735 | INFO     | __main__:tune_optuna_family:317 - [xgboost] Optuna terminó -- elige hiperparámetros por regression_l2 (no por WRMSSE): mejor regression_l2 = 1870.1728 | WRMSSE de ESE trial: 0.3163 (solo referencia, puede no ser el mínimo posible; el WRMSSE definitivo se reporta abajo, tras reentrenar con estos hiperparámetros)
2026-09-03 22:56:29.743 | INFO     | __main__:tune_optuna_family:323 - [xgboost] Mejores hiperparámetros: {'learning_rate': 0.10625380423427773, 'max_depth': 8, 'min_child_weight': 2.376255377542198, 'subsample': 0.6697785732878745, 'colsample_bytree': 0.7136493427162601, 'reg_alpha': 0.04322384631704491, 'reg_lambda': 0.011973567850443873}
2026-09-03 22:56:35.001 | INFO     | src.evaluation.reports:evaluate_predictions:58 - xgboost (Optuna bench) [ML] | WAPE: 3.24% | WRMSSE: 0.3163  | fit: 307.38s
2026-09-03 22:56:35.001 | INFO     | __main__:run_bench_ml:338 - Bench ML: familia 3/5 -- catboost
2026-09-03 22:56:35.059 | INFO     | __main__:tune_optuna_family:307 - [catboost] Optuna arrancando: hasta 200 trials (timeout 300s) -- study 'study_level_01_daily_total_sales_bench_catboost'
2026-09-03 23:01:59.227 | INFO     | __main__:tune_optuna_family:317 - [catboost] Optuna terminó -- elige hiperparámetros por regression_l2 (no por WRMSSE): mejor regression_l2 = 5349.0949 | WRMSSE de ESE trial: 0.9047 (solo referencia, puede no ser el mínimo posible; el WRMSSE definitivo se reporta abajo, tras reentrenar con estos hiperparámetros)
2026-09-03 23:01:59.229 | INFO     | __main__:tune_optuna_family:323 - [catboost] Mejores hiperparámetros: {'learning_rate': 0.14478086761631703, 'depth': 4, 'l2_leaf_reg': 2.0444908868342817}
2026-09-03 23:02:03.029 | INFO     | src.evaluation.reports:evaluate_predictions:58 - catboost (Optuna bench) [ML] | WAPE: 10.59% | WRMSSE: 0.9047  | fit: 327.95s
2026-09-03 23:02:03.029 | INFO     | __main__:run_bench_ml:338 - Bench ML: familia 4/5 -- histgb
2026-09-03 23:02:03.202 | INFO     | __main__:tune_optuna_family:307 - [histgb] Optuna arrancando: hasta 200 trials (timeout 300s) -- study 'study_level_01_daily_total_sales_bench_histgb'
