2026-09-03 22:39:31.555 | INFO     | __main__:main:700 - Perfil de entrenamiento: optimized
2026-09-03 22:39:31.648 | INFO     | src.data.split:load_data:359 - level_01_daily_total | target=sales | 1,941 filas | 191 features (9 categóricas)
2026-09-03 22:39:31.661 | INFO     | src.data.split:log_summary:48 - Train : 2011-01-29 to 2016-03-27 (1,885 days, 1,885 rows)
2026-09-03 22:39:31.662 | INFO     | src.data.split:log_summary:49 - Valid : 2016-03-28 to 2016-04-24 (28 days, 28 rows)
2026-09-03 22:39:31.663 | INFO     | src.data.split:log_summary:50 - Test  : 2016-04-25 to 2016-05-22 (28 days, 28 rows)
2026-09-03 22:39:32.019 | INFO     | src.data.split:split_data:421 - Features: 191 (9 categóricas)
2026-09-03 22:39:32.065 | INFO     | src.evaluation.reports:evaluate_predictions:58 - Seasonal naive (1d) [Naive] | WAPE: 17.64% | WRMSSE: 1.3842  | fit: 0.01s
2026-09-03 22:39:32.120 | INFO     | src.evaluation.reports:evaluate_predictions:58 - Seasonal naive (7d) [Naive] | WAPE: 7.64% | WRMSSE: 0.6676  | fit: 0.01s
2026-09-03 22:39:32.170 | INFO     | src.evaluation.reports:evaluate_predictions:58 - Seasonal naive (28d) [Naive] | WAPE: 5.76% | WRMSSE: 0.5207  | fit: 0.01s
2026-09-03 22:39:32.216 | INFO     | src.evaluation.reports:evaluate_predictions:58 - Seasonal naive (364d) [Naive] | WAPE: 13.11% | WRMSSE: 1.0562  | fit: 0.01s
2026-09-03 22:39:32.276 | INFO     | src.evaluation.reports:evaluate_predictions:58 -             Drift [Naive] | WAPE: 17.72% | WRMSSE: 1.3922  | fit: 0.02s
2026-09-03 22:39:32.321 | INFO     | src.evaluation.reports:evaluate_predictions:58 -   Historical mean [Naive] | WAPE: 19.42% | WRMSSE: 1.8141  | fit: 0.00s
2026-09-03 22:39:32.367 | INFO     | src.evaluation.reports:evaluate_predictions:58 - Moving average (7d) [Naive] | WAPE: 13.74% | WRMSSE: 1.2164  | fit: 0.00s
2026-09-03 22:39:32.414 | INFO     | src.evaluation.reports:evaluate_predictions:58 - Moving average (14d) [Naive] | WAPE: 13.74% | WRMSSE: 1.2165  | fit: 0.00s
2026-09-03 22:39:32.457 | INFO     | src.evaluation.reports:evaluate_predictions:58 - Moving average (21d) [Naive] | WAPE: 13.92% | WRMSSE: 1.2046  | fit: 0.01s
2026-09-03 22:39:32.503 | INFO     | src.evaluation.reports:evaluate_predictions:58 - Moving average (28d) [Naive] | WAPE: 14.10% | WRMSSE: 1.2000  | fit: 0.00s
2026-09-03 22:39:32.546 | INFO     | src.evaluation.reports:evaluate_predictions:58 - Moving average (35d) [Naive] | WAPE: 13.89% | WRMSSE: 1.2062  | fit: 0.00s
2026-09-03 22:39:32.547 | INFO     | __main__:run_pipeline:635 - Fase naive: 0.5s
2026-09-03 22:39:41.570 | INFO     | src.evaluation.reports:evaluate_predictions:58 -      SARIMA [Statistical] | WAPE: 5.69% | WRMSSE: 0.5011  | fit: 8.98s
2026-09-03 22:39:46.988 | INFO     | src.evaluation.reports:evaluate_predictions:58 - ETS (Holt-Winters) [Statistical] | WAPE: 5.75% | WRMSSE: 0.5069  | fit: 5.38s
2026-09-03 22:39:50.541 | INFO     | src.evaluation.reports:evaluate_predictions:58 -       Theta [Statistical] | WAPE: 5.88% | WRMSSE: 0.5438  | fit: 3.52s
2026-09-03 22:40:06.433 | INFO     | src.evaluation.reports:evaluate_predictions:58 -       TBATS [Statistical] | WAPE: 6.03% | WRMSSE: 0.5429  | fit: 15.86s
2026-09-03 22:40:07.391 | INFO     | src.evaluation.reports:evaluate_predictions:58 -     Prophet [Statistical] | WAPE: 6.18% | WRMSSE: 0.5677  | fit: 0.92s
2026-09-03 22:40:07.391 | INFO     | __main__:run_pipeline:640 - Fase estadísticos clásicos: 34.8s
