2026-09-03 22:16:09.641 | INFO     | __main__:main:684 - Perfil de entrenamiento: optimized
2026-09-03 22:16:09.701 | INFO     | src.data.split:load_data:359 - level_01_daily_total | target=sales | 1,941 filas | 191 features (9 categóricas)
2026-09-03 22:16:09.711 | INFO     | src.data.split:log_summary:48 - Train : 2011-01-29 to 2016-03-27 (1,885 days, 1,885 rows)
2026-09-03 22:16:09.712 | INFO     | src.data.split:log_summary:49 - Valid : 2016-03-28 to 2016-04-24 (28 days, 28 rows)
2026-09-03 22:16:09.712 | INFO     | src.data.split:log_summary:50 - Test  : 2016-04-25 to 2016-05-22 (28 days, 28 rows)
2026-09-03 22:16:09.938 | INFO     | src.data.split:split_data:421 - Features: 191 (9 categóricas)
2026-09-03 22:16:09.965 | INFO     | src.evaluation.reports:evaluate_predictions:58 - Seasonal naive (1d) [Naive] | WAPE: 17.64% | WRMSSE: 1.3842  | fit: 0.01s
2026-09-03 22:16:09.991 | INFO     | src.evaluation.reports:evaluate_predictions:58 - Seasonal naive (7d) [Naive] | WAPE: 7.64% | WRMSSE: 0.6676  | fit: 0.01s
2026-09-03 22:16:10.018 | INFO     | src.evaluation.reports:evaluate_predictions:58 - Seasonal naive (28d) [Naive] | WAPE: 5.76% | WRMSSE: 0.5207  | fit: 0.00s
2026-09-03 22:16:10.044 | INFO     | src.evaluation.reports:evaluate_predictions:58 - Seasonal naive (364d) [Naive] | WAPE: 13.11% | WRMSSE: 1.0562  | fit: 0.01s
2026-09-03 22:16:10.073 | INFO     | src.evaluation.reports:evaluate_predictions:58 -             Drift [Naive] | WAPE: 17.72% | WRMSSE: 1.3922  | fit: 0.01s
2026-09-03 22:16:10.097 | INFO     | src.evaluation.reports:evaluate_predictions:58 -   Historical mean [Naive] | WAPE: 19.42% | WRMSSE: 1.8141  | fit: 0.00s
2026-09-03 22:16:10.121 | INFO     | src.evaluation.reports:evaluate_predictions:58 - Moving average (7d) [Naive] | WAPE: 13.74% | WRMSSE: 1.2164  | fit: 0.00s
2026-09-03 22:16:10.145 | INFO     | src.evaluation.reports:evaluate_predictions:58 - Moving average (14d) [Naive] | WAPE: 13.74% | WRMSSE: 1.2165  | fit: 0.00s
2026-09-03 22:16:10.174 | INFO     | src.evaluation.reports:evaluate_predictions:58 - Moving average (21d) [Naive] | WAPE: 13.92% | WRMSSE: 1.2046  | fit: 0.00s
2026-09-03 22:16:10.203 | INFO     | src.evaluation.reports:evaluate_predictions:58 - Moving average (28d) [Naive] | WAPE: 14.10% | WRMSSE: 1.2000  | fit: 0.00s
2026-09-03 22:16:10.230 | INFO     | src.evaluation.reports:evaluate_predictions:58 - Moving average (35d) [Naive] | WAPE: 13.89% | WRMSSE: 1.2062  | fit: 0.00s
2026-09-03 22:16:10.231 | INFO     | __main__:run_pipeline:619 - Fase naive: 0.3s
2026-09-03 22:16:15.498 | INFO     | src.evaluation.reports:evaluate_predictions:58 -      SARIMA [Statistical] | WAPE: 5.69% | WRMSSE: 0.5011  | fit: 5.24s
2026-09-03 22:16:19.141 | INFO     | src.evaluation.reports:evaluate_predictions:58 - ETS (Holt-Winters) [Statistical] | WAPE: 5.75% | WRMSSE: 0.5069  | fit: 3.62s
2026-09-03 22:16:22.500 | INFO     | src.evaluation.reports:evaluate_predictions:58 -       Theta [Statistical] | WAPE: 5.88% | WRMSSE: 0.5438  | fit: 3.33s
2026-09-03 22:16:41.989 | INFO     | src.evaluation.reports:evaluate_predictions:58 -       TBATS [Statistical] | WAPE: 6.03% | WRMSSE: 0.5429  | fit: 19.41s
2026-09-03 22:16:43.586 | INFO     | src.evaluation.reports:evaluate_predictions:58 -     Prophet [Statistical] | WAPE: 6.18% | WRMSSE: 0.5677  | fit: 1.55s
2026-09-03 22:16:43.586 | INFO     | __main__:run_pipeline:624 - Fase estadísticos clásicos: 33.4s
2026-09-03 22:21:44.814 | INFO     | __main__:tune_optuna_family:313 - [lightgbm] Mejor regression_l2 (Optuna): 2527.1808 | WRMSSE: 0.4274 (informativo)
2026-09-03 22:21:44.816 | INFO     | __main__:tune_optuna_family:315 - [lightgbm] Mejores hiperparámetros: {'learning_rate': 0.11038858368878862, 'num_leaves': 110, 'max_depth': 7, 'min_child_samples': 146, 'subsample': 0.8264857305883341, 'colsample_bytree': 0.7358876954341889, 'reg_alpha': 0.007562235532989411, 'reg_lambda': 0.05642942606862983}
2026-09-03 22:21:45.739 | INFO     | src.evaluation.reports:evaluate_predictions:58 - lightgbm (Optuna bench) [ML] | WAPE: 6.40% | WRMSSE: 0.5874  | fit: 302.12s
2026-09-03 22:26:55.366 | INFO     | __main__:tune_optuna_family:313 - [xgboost] Mejor regression_l2 (Optuna): 1870.1728 | WRMSSE: 0.3163 (informativo)
2026-09-03 22:26:55.369 | INFO     | __main__:tune_optuna_family:315 - [xgboost] Mejores hiperparámetros: {'learning_rate': 0.10625380423427773, 'max_depth': 8, 'min_child_weight': 2.376255377542198, 'subsample': 0.6697785732878745, 'colsample_bytree': 0.7136493427162601, 'reg_alpha': 0.04322384631704491, 'reg_lambda': 0.011973567850443873}
2026-09-03 22:27:20.919 | INFO     | src.evaluation.reports:evaluate_predictions:58 - xgboost (Optuna bench) [ML] | WAPE: 3.24% | WRMSSE: 0.3163  | fit: 335.10s
2026-09-03 22:32:22.058 | INFO     | __main__:tune_optuna_family:313 - [catboost] Mejor regression_l2 (Optuna): 5349.0949 | WRMSSE: 0.9047 (informativo)
2026-09-03 22:32:22.060 | INFO     | __main__:tune_optuna_family:315 - [catboost] Mejores hiperparámetros: {'learning_rate': 0.14478086761631703, 'depth': 4, 'l2_leaf_reg': 2.0444908868342817}
2026-09-03 22:32:24.015 | INFO     | src.evaluation.reports:evaluate_predictions:58 - catboost (Optuna bench) [ML] | WAPE: 10.59% | WRMSSE: 0.9047  | fit: 303.05s
2026-09-03 22:37:42.382 | INFO     | __main__:tune_optuna_family:313 - [histgb] Mejor regression_l2 (Optuna): 2300.9837 | WRMSSE: 0.3892 (informativo)
2026-09-03 22:37:42.385 | INFO     | __main__:tune_optuna_family:315 - [histgb] Mejores hiperparámetros: {'learning_rate': 0.07283418332127417, 'max_leaf_nodes': 201, 'max_depth': 15, 'min_samples_leaf': 26, 'l2_regularization': 0.5274553127914451}
2026-09-03 22:38:06.652 | INFO     | src.evaluation.reports:evaluate_predictions:58 - histgb (Optuna bench) [ML] | WAPE: 3.92% | WRMSSE: 0.3892  | fit: 342.59s
2026-09-03 22:38:52.084 | INFO     | __main__:tune_optuna_family:313 - [ridge] Mejor regression_l2 (Optuna): 4024.2338 | WRMSSE: 0.6806 (informativo)
2026-09-03 22:38:52.086 | INFO     | __main__:tune_optuna_family:315 - [ridge] Mejores hiperparámetros: {'alpha': 8.125230296965974}
2026-09-03 22:38:52.170 | INFO     | src.evaluation.reports:evaluate_predictions:58 - ridge (Optuna bench) [ML] | WAPE: 7.51% | WRMSSE: 0.6806  | fit: 45.49s
2026-09-03 22:38:52.170 | SUCCESS  | __main__:pick_winner:356 - Modelo ganador (bench, 4 familias tree-based comparadas): xgboost | regression_l2=1870.1728
2026-09-03 22:38:52.170 | INFO     | __main__:run_pipeline:630 - Fase bench ML (Optuna corto, 5 familias): 1328.6s
2026-09-03 22:38:52.174 | INFO     | __main__:select_features:387 - Top 10 gain importance (xgboost):
lag28                              566119488.0
te_weekend_mean                    249429696.0
lag364                             177191888.0
lag91                               66353604.0
lag7                                56204292.0
rolling_mean_lag1_window_size7      37249692.0
rolling_mean_lag3_window_size14     35216412.0
lag182                              31016058.0
lag35                               27535098.0
rolling_min_lag1_window_size7       27379252.0
dtype: float64
